Component: ARM Compiler 5.06 update 7 (build 960) Tool: armlink [4d3601]

==============================================================================

Section Cross References

    startup_stm32f405xx.o(RESET) refers to startup_stm32f405xx.o(STACK) for __initial_sp
    startup_stm32f405xx.o(RESET) refers to startup_stm32f405xx.o(.text) for Reset_Handler
    startup_stm32f405xx.o(RESET) refers to stm32f4xx_it.o(i.NMI_Handler) for NMI_Handler
    startup_stm32f405xx.o(RESET) refers to stm32f4xx_it.o(i.HardFault_Handler) for HardFault_Handler
    startup_stm32f405xx.o(RESET) refers to stm32f4xx_it.o(i.MemManage_Handler) for MemManage_Handler
    startup_stm32f405xx.o(RESET) refers to stm32f4xx_it.o(i.BusFault_Handler) for BusFault_Handler
    startup_stm32f405xx.o(RESET) refers to stm32f4xx_it.o(i.UsageFault_Handler) for UsageFault_Handler
    startup_stm32f405xx.o(RESET) refers to stm32f4xx_it.o(i.SVC_Handler) for SVC_Handler
    startup_stm32f405xx.o(RESET) refers to stm32f4xx_it.o(i.DebugMon_Handler) for DebugMon_Handler
    startup_stm32f405xx.o(RESET) refers to stm32f4xx_it.o(i.PendSV_Handler) for PendSV_Handler
    startup_stm32f405xx.o(RESET) refers to stm32f4xx_it.o(i.SysTick_Handler) for SysTick_Handler
    startup_stm32f405xx.o(RESET) refers to stm32f4xx_it.o(i.DMA1_Stream1_IRQHandler) for DMA1_Stream1_IRQHandler
    startup_stm32f405xx.o(RESET) refers to stm32f4xx_it.o(i.CAN1_TX_IRQHandler) for CAN1_TX_IRQHandler
    startup_stm32f405xx.o(RESET) refers to stm32f4xx_it.o(i.CAN1_RX0_IRQHandler) for CAN1_RX0_IRQHandler
    startup_stm32f405xx.o(RESET) refers to stm32f4xx_it.o(i.TIM2_IRQHandler) for TIM2_IRQHandler
    startup_stm32f405xx.o(RESET) refers to stm32f4xx_it.o(i.USART3_IRQHandler) for USART3_IRQHandler
    startup_stm32f405xx.o(RESET) refers to stm32f4xx_it.o(i.CAN2_TX_IRQHandler) for CAN2_TX_IRQHandler
    startup_stm32f405xx.o(RESET) refers to stm32f4xx_it.o(i.CAN2_RX0_IRQHandler) for CAN2_RX0_IRQHandler
    startup_stm32f405xx.o(.text) refers to system_stm32f4xx.o(i.SystemInit) for SystemInit
    startup_stm32f405xx.o(.text) refers to entry.o(.ARM.Collect$$$$00000000) for __main
    main.o(i.SystemClock_Config) refers to memseta.o(.text) for __aeabi_memclr4
    main.o(i.SystemClock_Config) refers to stm32f4xx_hal_rcc.o(i.HAL_RCC_OscConfig) for HAL_RCC_OscConfig
    main.o(i.SystemClock_Config) refers to stm32f4xx_hal_rcc.o(i.HAL_RCC_ClockConfig) for HAL_RCC_ClockConfig
    main.o(i.main) refers to stm32f4xx_hal.o(i.HAL_Init) for HAL_Init
    main.o(i.main) refers to main.o(i.SystemClock_Config) for SystemClock_Config
    main.o(i.main) refers to gpio.o(i.MX_GPIO_Init) for MX_GPIO_Init
    main.o(i.main) refers to dma.o(i.MX_DMA_Init) for MX_DMA_Init
    main.o(i.main) refers to can.o(i.MX_CAN1_Init) for MX_CAN1_Init
    main.o(i.main) refers to can.o(i.MX_CAN2_Init) for MX_CAN2_Init
    main.o(i.main) refers to tim.o(i.MX_TIM2_Init) for MX_TIM2_Init
    main.o(i.main) refers to usart.o(i.MX_USART3_UART_Init) for MX_USART3_UART_Init
    main.o(i.main) refers to bsp_can.o(i.CAN_Filter_Init) for CAN_Filter_Init
    main.o(i.main) refers to bsp_usart.o(i.uart_init) for uart_init
    main.o(i.main) refers to stm32f4xx_hal_tim.o(i.HAL_TIM_Base_Start_IT) for HAL_TIM_Base_Start_IT
    main.o(i.main) refers to stm32f4xx_hal.o(i.HAL_Delay) for HAL_Delay
    main.o(i.main) refers to ctrl.o(i.MotorOn) for MotorOn
    main.o(i.main) refers to ctrl.o(i.DriverInit) for DriverInit
    main.o(i.main) refers to stm32f4xx_hal_gpio.o(i.HAL_GPIO_WritePin) for HAL_GPIO_WritePin
    main.o(i.main) refers to dgm_com.o(i.Dgm_Motor_ON) for Dgm_Motor_ON
    main.o(i.main) refers to stm32f4xx_hal_gpio.o(i.HAL_GPIO_TogglePin) for HAL_GPIO_TogglePin
    main.o(i.main) refers to dji_comm.o(i.CanSendPeriodMsgs) for CanSendPeriodMsgs
    main.o(i.main) refers to dji_comm.o(i.CANRespond) for CANRespond
    main.o(i.main) refers to tim.o(.bss) for htim2
    main.o(i.main) refers to rm_motor.o(.bss) for Motor
    main.o(i.main) refers to ctrl.o(.bss) for Driver
    main.o(i.main) refers to main.o(.bss) for .bss
    main.o(i.main) refers to main.o(.data) for .data
    gpio.o(i.MX_GPIO_Init) refers to memseta.o(.text) for __aeabi_memclr4
    gpio.o(i.MX_GPIO_Init) refers to stm32f4xx_hal_gpio.o(i.HAL_GPIO_WritePin) for HAL_GPIO_WritePin
    gpio.o(i.MX_GPIO_Init) refers to stm32f4xx_hal_gpio.o(i.HAL_GPIO_Init) for HAL_GPIO_Init
    can.o(i.HAL_CAN_MspDeInit) refers to stm32f4xx_hal_gpio.o(i.HAL_GPIO_DeInit) for HAL_GPIO_DeInit
    can.o(i.HAL_CAN_MspDeInit) refers to stm32f4xx_hal_cortex.o(i.HAL_NVIC_DisableIRQ) for HAL_NVIC_DisableIRQ
    can.o(i.HAL_CAN_MspDeInit) refers to can.o(.data) for .data
    can.o(i.HAL_CAN_MspInit) refers to memseta.o(.text) for __aeabi_memclr4
    can.o(i.HAL_CAN_MspInit) refers to stm32f4xx_hal_gpio.o(i.HAL_GPIO_Init) for HAL_GPIO_Init
    can.o(i.HAL_CAN_MspInit) refers to stm32f4xx_hal_cortex.o(i.HAL_NVIC_SetPriority) for HAL_NVIC_SetPriority
[...]
    Removing stm32f4xx_hal_uart.o(i.HAL_UART_AbortTransmit_IT), (84 bytes).
    Removing stm32f4xx_hal_uart.o(i.HAL_UART_Abort_IT), (172 bytes).
    Removing stm32f4xx_hal_uart.o(i.HAL_UART_DMAPause), (102 bytes).
    Removing stm32f4xx_hal_uart.o(i.HAL_UART_DMAResume), (94 bytes).
    Removing stm32f4xx_hal_uart.o(i.HAL_UART_DMAStop), (88 bytes).
    Removing stm32f4xx_hal_uart.o(i.HAL_UART_DeInit), (50 bytes).
    Removing stm32f4xx_hal_uart.o(i.HAL_UART_GetError), (4 bytes).
    Removing stm32f4xx_hal_uart.o(i.HAL_UART_GetState), (10 bytes).
    Removing stm32f4xx_hal_uart.o(i.HAL_UART_MspDeInit), (2 bytes).
    Removing stm32f4xx_hal_uart.o(i.HAL_UART_MspInit), (2 bytes).
    Removing stm32f4xx_hal_uart.o(i.HAL_UART_Receive), (190 bytes).
    Removing stm32f4xx_hal_uart.o(i.HAL_UART_Receive_DMA), (152 bytes).
    Removing stm32f4xx_hal_uart.o(i.HAL_UART_Receive_IT), (82 bytes).
    Removing stm32f4xx_hal_uart.o(i.HAL_UART_RxHalfCpltCallback), (2 bytes).
    Removing stm32f4xx_hal_uart.o(i.HAL_UART_Transmit), (186 bytes).
    Removing stm32f4xx_hal_uart.o(i.HAL_UART_Transmit_DMA), (128 bytes).
    Removing stm32f4xx_hal_uart.o(i.HAL_UART_Transmit_IT), (62 bytes).
    Removing stm32f4xx_hal_uart.o(i.HAL_UART_TxHalfCpltCallback), (2 bytes).
    Removing stm32f4xx_hal_uart.o(i.UART_DMAError), (74 bytes).
    Removing stm32f4xx_hal_uart.o(i.UART_DMAReceiveCplt), (60 bytes).
    Removing stm32f4xx_hal_uart.o(i.UART_DMARxAbortCallback), (42 bytes).
    Removing stm32f4xx_hal_uart.o(i.UART_DMARxHalfCplt), (10 bytes).
    Removing stm32f4xx_hal_uart.o(i.UART_DMARxOnlyAbortCallback), (20 bytes).
    Removing stm32f4xx_hal_uart.o(i.UART_DMATransmitCplt), (46 bytes).
    Removing stm32f4xx_hal_uart.o(i.UART_DMATxAbortCallback), (42 bytes).
    Removing stm32f4xx_hal_uart.o(i.UART_DMATxHalfCplt), (10 bytes).
    Removing stm32f4xx_hal_uart.o(i.UART_DMATxOnlyAbortCallback), (20 bytes).
    Removing stm32f4xx_hal_uart.o(i.UART_EndTxTransfer), (18 bytes).
    Removing stm32f4xx_hal_uart.o(i.UART_WaitOnFlagUntilTimeout), (100 bytes).
    Removing system_stm32f4xx.o(.rev16_text), (4 bytes).
    Removing system_stm32f4xx.o(.revsh_text), (4 bytes).
    Removing system_stm32f4xx.o(.rrx_text), (6 bytes).
    Removing system_stm32f4xx.o(i.SystemCoreClockUpdate), (120 bytes).
    Removing bsp_can.o(.rev16_text), (4 bytes).
    Removing bsp_can.o(.revsh_text), (4 bytes).
    Removing bsp_can.o(.rrx_text), (6 bytes).
    Removing bsp_can.o(i.CAN_Transmit_Messages_Byte), (92 bytes).
    Removing bsp_can.o(.data), (4 bytes).
    Removing bsp_can.o(.data), (4 bytes).
    Removing bsp_can.o(.data), (4 bytes).
    Removing bsp_can.o(.data), (4 bytes).
    Removing bsp_can.o(.data), (4 bytes).
    Removing ctrl.o(.rev16_text), (4 bytes).
    Removing ctrl.o(.revsh_text), (4 bytes).
    Removing ctrl.o(.rrx_text), (6 bytes).
    Removing ctrl.o(i.GetPosPidOut), (12 bytes).
    Removing ctrl.o(i.GetSpeed), (12 bytes).
    Removing ctrl.o(i.GetVelPidOut), (12 bytes).
    Removing ctrl.o(i.MotorOff), (24 bytes).
    Removing ctrl.o(i.OutPutLim), (172 bytes).
    Removing ctrl.o(i.VelCtrlTest), (48 bytes).
    Removing dji_comm.o(.rev16_text), (4 bytes).
    Removing dji_comm.o(.revsh_text), (4 bytes).
    Removing dji_comm.o(.rrx_text), (6 bytes).
    Removing odrive_com.o(.rev16_text), (4 bytes).
    Removing odrive_com.o(.revsh_text), (4 bytes).
    Removing odrive_com.o(.rrx_text), (6 bytes).
    Removing odrive_com.o(i.Array_right_move), (54 bytes).
    Removing odrive_com.o(i.Odrive_reboot), (44 bytes).
    Removing odrive_com.o(i.Odrive_set_idle), (32 bytes).
    Removing vesc_comm.o(.rev16_text), (4 bytes).
    Removing vesc_comm.o(.revsh_text), (4 bytes).
    Removing vesc_comm.o(.rrx_text), (6 bytes).
    Removing vesc_comm.o(i.buffer_get_int16), (16 bytes).
    Removing vesc_comm.o(i.buffer_get_int32), (32 bytes).
    Removing vesc_comm.o(.data), (1 bytes).
    Removing bsp_usart.o(.rev16_text), (4 bytes).
    Removing bsp_usart.o(.revsh_text), (4 bytes).
    Removing bsp_usart.o(.rrx_text), (6 bytes).
    Removing bsp_usart.o(i.dma_current_data_counter), (6 bytes).
    Removing bsp_usart.o(i.usart1_callback_handler), (2 bytes).
    Removing bsp_usart.o(i.usart2_callback_handler), (2 bytes).
    Removing bsp_usart.o(i.usart3_callback_handler), (2 bytes).
    Removing bsp_usart.o(i.usart4_callback_handler), (2 bytes).
    Removing bsp_usart.o(i.usart5_callback_handler), (2 bytes).
    Removing bsp_usart.o(i.usart6_callback_handler), (2 bytes).
    Removing dgm_com.o(.rev16_text), (4 bytes).
    Removing dgm_com.o(.revsh_text), (4 bytes).
    Removing dgm_com.o(.rrx_text), (6 bytes).
    Removing dgm_com.o(.data), (4 bytes).
    Removing dgm_com.o(.data), (4 bytes).
    Removing dadd.o(.text), (334 bytes).
    Removing dmul.o(.text), (228 bytes).
    Removing ddiv.o(.text), (222 bytes).
    Removing dfixul.o(.text), (48 bytes).
    Removing cdrcmple.o(.text), (48 bytes).
    Removing depilogue.o(.text), (186 bytes).

457 unused section(s) (total 25949 bytes) removed from the image.

==============================================================================

Image Symbol Table

    Local Symbols

    Symbol Name                              Value     Ov Type        Size  Object(Section)

    ../Drivers/STM32F4xx_HAL_Driver/Src/stm32f4xx_hal.c 0x00000000   Number         0  stm32f4xx_hal.o ABSOLUTE
    ../Drivers/STM32F4xx_HAL_Driver/Src/stm32f4xx_hal_can.c 0x00000000   Number         0  stm32f4xx_hal_can.o ABSOLUTE
    ../Drivers/STM32F4xx_HAL_Driver/Src/stm32f4xx_hal_cortex.c 0x00000000   Number         0  stm32f4xx_hal_cortex.o ABSOLUTE
    ../Drivers/STM32F4xx_HAL_Driver/Src/stm32f4xx_hal_dma.c 0x00000000   Number         0  stm32f4xx_hal_dma.o ABSOLUTE
    ../Drivers/STM32F4xx_HAL_Driver/Src/stm32f4xx_hal_dma_ex.c 0x00000000   Number         0  stm32f4xx_hal_dma_ex.o ABSOLUTE
    ../Drivers/STM32F4xx_HAL_Driver/Src/stm32f4xx_hal_exti.c 0x00000000   Number         0  stm32f4xx_hal_exti.o ABSOLUTE
    ../Drivers/STM32F4xx_HAL_Driver/Src/stm32f4xx_hal_flash.c 0x00000000   Number         0  stm32f4xx_hal_flash.o ABSOLUTE
    ../Drivers/STM32F4xx_HAL_Driver/Src/stm32f4xx_hal_flash_ex.c 0x00000000   Number         0  stm32f4xx_hal_flash_ex.o ABSOLUTE
    ../Drivers/STM32F4xx_HAL_Driver/Src/stm32f4xx_hal_flash_ramfunc.c 0x00000000   Number         0  stm32f4xx_hal_flash_ramfunc.o ABSOLUTE
    ../Drivers/STM32F4xx_HAL_Driver/Src/stm32f4xx_hal_gpio.c 0x00000000   Number         0  stm32f4xx_hal_gpio.o ABSOLUTE
    ../Drivers/STM32F4xx_HAL_Driver/Src/stm32f4xx_hal_pwr.c 0x00000000   Number         0  stm32f4xx_hal_pwr.o ABSOLUTE
    ../Drivers/STM32F4xx_HAL_Driver/Src/stm32f4xx_hal_pwr_ex.c 0x00000000   Number         0  stm32f4xx_hal_pwr_ex.o ABSOLUTE
    ../Drivers/STM32F4xx_HAL_Driver/Src/stm32f4xx_hal_rcc.c 0x00000000   Number         0  stm32f4xx_hal_rcc.o ABSOLUTE
    ../Drivers/STM32F4xx_HAL_Driver/Src/stm32f4xx_hal_rcc_ex.c 0x00000000   Number         0  stm32f4xx_hal_rcc_ex.o ABSOLUTE
    ../Drivers/STM32F4xx_HAL_Driver/Src/stm32f4xx_hal_tim.c 0x00000000   Number         0  stm32f4xx_hal_tim.o ABSOLUTE
    ../Drivers/STM32F4xx_HAL_Driver/Src/stm32f4xx_hal_tim_ex.c 0x00000000   Number         0  stm32f4xx_hal_tim_ex.o ABSOLUTE
    ../Drivers/STM32F4xx_HAL_Driver/Src/stm32f4xx_hal_uart.c 0x00000000   Number         0  stm32f4xx_hal_uart.o ABSOLUTE
    ../Src/can.c                             0x00000000   Number         0  can.o ABSOLUTE
    ../Src/dma.c                             0x00000000   Number         0  dma.o ABSOLUTE
    ../Src/gpio.c                            0x00000000   Number         0  gpio.o ABSOLUTE
    ../Src/main.c                            0x00000000   Number         0  main.o ABSOLUTE
    ../Src/stm32f4xx_hal_msp.c               0x00000000   Number         0  stm32f4xx_hal_msp.o ABSOLUTE
    ../Src/stm32f4xx_it.c                    0x00000000   Number         0  stm32f4xx_it.o ABSOLUTE
    ../Src/system_stm32f4xx.c                0x00000000   Number         0  system_stm32f4xx.o ABSOLUTE
    ../Src/tim.c                             0x00000000   Number         0  tim.o ABSOLUTE
    ../Src/usart.c                           0x00000000   Number         0  usart.o ABSOLUTE
    ../clib/microlib/division.c              0x00000000   Number         0  uldiv.o ABSOLUTE
    ../clib/microlib/division.c              0x00000000   Number         0  uidiv.o ABSOLUTE
    ../clib/microlib/init/entry.s            0x00000000   Number         0  entry9b.o ABSOLUTE
    ../clib/microlib/init/entry.s            0x00000000   Number         0  entry10a.o ABSOLUTE
    ../clib/microlib/init/entry.s            0x00000000   Number         0  entry10b.o ABSOLUTE
    ../clib/microlib/init/entry.s            0x00000000   Number         0  entry12a.o ABSOLUTE
    ../clib/microlib/init/entry.s            0x00000000   Number         0  entry11a.o ABSOLUTE
    ../clib/microlib/init/entry.s            0x00000000   Number         0  entry11b.o ABSOLUTE
    ../clib/microlib/init/entry.s            0x00000000   Number         0  entry.o ABSOLUTE
    ../clib/microlib/init/entry.s            0x00000000   Number         0  entry12b.o ABSOLUTE
    ../clib/microlib/init/entry.s            0x00000000   Number         0  entry2.o ABSOLUTE
    ../clib/microlib/init/entry.s            0x00000000   Number         0  entry9a.o ABSOLUTE
    ../clib/microlib/init/entry.s            0x00000000   Number         0  entry5.o ABSOLUTE
    ../clib/microlib/init/entry.s            0x00000000   Number         0  entry7a.o ABSOLUTE
    ../clib/microlib/init/entry.s            0x00000000   Number         0  entry8a.o ABSOLUTE
    ../clib/microlib/init/entry.s            0x00000000   Number         0  entry8b.o ABSOLUTE
    ../clib/microlib/init/entry.s            0x00000000   Number         0  entry7b.o ABSOLUTE
    ../clib/microlib/longlong.c              0x00000000   Number         0  llsshr.o ABSOLUTE
    ../clib/microlib/longlong.c              0x00000000   Number         0  llushr.o ABSOLUTE
    ../clib/microlib/longlong.c              0x00000000   Number         0  llshl.o ABSOLUTE
    ../clib/microlib/printf/printf.c         0x00000000   Number         0  printf6.o ABSOLUTE
    ../clib/microlib/printf/printf.c         0x00000000   Number         0  printfa.o ABSOLUTE
    ../clib/microlib/printf/printf.c         0x00000000   Number         0  printf8.o ABSOLUTE
    ../clib/microlib/printf/printf.c         0x00000000   Number         0  printf7.o ABSOLUTE
    ../clib/microlib/printf/printf.c         0x00000000   Number         0  printf5.o ABSOLUTE
    ../clib/microlib/printf/printf.c         0x00000000   Number         0  printf4.o ABSOLUTE
    ../clib/microlib/printf/printf.c         0x00000000   Number         0  printf3.o ABSOLUTE
    ../clib/microlib/printf/printf.c         0x00000000   Number         0  printf2.o ABSOLUTE
    ../clib/microlib/printf/printf.c         0x00000000   Number         0  printf1.o ABSOLUTE
    ../clib/microlib/printf/printf.c         0x00000000   Number         0  printf0.o ABSOLUTE
    ../clib/microlib/printf/printf.c         0x00000000   Number         0  printfb.o ABSOLUTE
    ../clib/microlib/stdio/fputc.c           0x00000000   Number         0  fputc.o ABSOLUTE
    ../clib/microlib/stdio/semi.s            0x00000000   Number         0  semi.o ABSOLUTE
    ../clib/microlib/stdio/streams.c         0x00000000   Number         0  stdout.o ABSOLUTE
    ../clib/microlib/string/memcpy.c         0x00000000   Number         0  memcpyb.o ABSOLUTE
    ../clib/microlib/string/memcpy.c         0x00000000   Number         0  memcpya.o ABSOLUTE
    ../clib/microlib/string/memset.c         0x00000000   Number         0  memseta.o ABSOLUTE
    ../clib/microlib/stubs.s                 0x00000000   Number         0  iusesemip.o ABSOLUTE
    ../clib/microlib/stubs.s                 0x00000000   Number         0  iusefp.o ABSOLUTE
    ../fplib/microlib/fpadd.c                0x00000000   Number         0  dadd.o ABSOLUTE
    ../fplib/microlib/fpdiv.c                0x00000000   Number         0  ddiv.o ABSOLUTE
    ../fplib/microlib/fpepilogue.c           0x00000000   Number         0  depilogue.o ABSOLUTE
    ../fplib/microlib/fpfix.c                0x00000000   Number         0  dfixul.o ABSOLUTE
    ../fplib/microlib/fpmul.c                0x00000000   Number         0  dmul.o ABSOLUTE
    ..\Drivers\STM32F4xx_HAL_Driver\Src\stm32f4xx_hal.c 0x00000000   Number         0  stm32f4xx_hal.o ABSOLUTE
    ..\Drivers\STM32F4xx_HAL_Driver\Src\stm32f4xx_hal_can.c 0x00000000   Number         0  stm32f4xx_hal_can.o ABSOLUTE
    ..\Drivers\STM32F4xx_HAL_Driver\Src\stm32f4xx_hal_cortex.c 0x00000000   Number         0  stm32f4xx_hal_cortex.o ABSOLUTE
    ..\Drivers\STM32F4xx_HAL_Driver\Src\stm32f4xx_hal_dma.c 0x00000000   Number         0  stm32f4xx_hal_dma.o ABSOLUTE
    ..\Drivers\STM32F4xx_HAL_Driver\Src\stm32f4xx_hal_dma_ex.c 0x00000000   Number         0  stm32f4xx_hal_dma_ex.o ABSOLUTE
    ..\Drivers\STM32F4xx_HAL_Driver\Src\stm32f4xx_hal_exti.c 0x00000000   Number         0  stm32f4xx_hal_exti.o ABSOLUTE
    ..\Drivers\STM32F4xx_HAL_Driver\Src\stm32f4xx_hal_flash.c 0x00000000   Number         0  stm32f4xx_hal_flash.o ABSOLUTE
    ..\Drivers\STM32F4xx_HAL_Driver\Src\stm32f4xx_hal_flash_ex.c 0x00000000   Number         0  stm32f4xx_hal_flash_ex.o ABSOLUTE
    ..\Drivers\STM32F4xx_HAL_Driver\Src\stm32f4xx_hal_flash_ramfunc.c 0x00000000   Number         0  stm32f4xx_hal_flash_ramfunc.o ABSOLUTE
    ..\Drivers\STM32F4xx_HAL_Driver\Src\stm32f4xx_hal_gpio.c 0x00000000   Number         0  stm32f4xx_hal_gpio.o ABSOLUTE
    ..\Drivers\STM32F4xx_HAL_Driver\Src\stm32f4xx_hal_pwr.c 0x00000000   Number         0  stm32f4xx_hal_pwr.o ABSOLUTE
    ..\Drivers\STM32F4xx_HAL_Driver\Src\stm32f4xx_hal_pwr_ex.c 0x00000000   Number         0  stm32f4xx_hal_pwr_ex.o ABSOLUTE
    ..\Drivers\STM32F4xx_HAL_Driver\Src\stm32f4xx_hal_rcc.c 0x00000000   Number         0  stm32f4xx_hal_rcc.o ABSOLUTE
    ..\Drivers\STM32F4xx_HAL_Driver\Src\stm32f4xx_hal_rcc_ex.c 0x00000000   Number         0  stm32f4xx_hal_rcc_ex.o ABSOLUTE
    ..\Drivers\STM32F4xx_HAL_Driver\Src\stm32f4xx_hal_tim.c 0x00000000   Number         0  stm32f4xx_hal_tim.o ABSOLUTE
    ..\Drivers\STM32F4xx_HAL_Driver\Src\stm32f4xx_hal_tim_ex.c 0x00000000   Number         0  stm32f4xx_hal_tim_ex.o ABSOLUTE
    ..\Drivers\STM32F4xx_HAL_Driver\Src\stm32f4xx_hal_uart.c 0x00000000   Number         0  stm32f4xx_hal_uart.o ABSOLUTE
    ..\Src\can.c                             0x00000000   Number         0  can.o ABSOLUTE
    ..\Src\dma.c                             0x00000000   Number         0  dma.o ABSOLUTE
    ..\Src\gpio.c                            0x00000000   Number         0  gpio.o ABSOLUTE
    ..\Src\main.c                            0x00000000   Number         0  main.o ABSOLUTE
    ..\Src\stm32f4xx_hal_msp.c               0x00000000   Number         0  stm32f4xx_hal_msp.o ABSOLUTE
    ..\Src\stm32f4xx_it.c                    0x00000000   Number         0  stm32f4xx_it.o ABSOLUTE
    ..\Src\system_stm32f4xx.c                0x00000000   Number         0  system_stm32f4xx.o ABSOLUTE
    ..\Src\tim.c                             0x00000000   Number         0  tim.o ABSOLUTE
    ..\Src\usart.c                           0x00000000   Number         0  usart.o ABSOLUTE
    ..\User\bsp_can.c                        0x00000000   Number         0  bsp_can.o ABSOLUTE
    ..\User\bsp_usart.c                      0x00000000   Number         0  bsp_usart.o ABSOLUTE
    ..\User\ctrl.c                           0x00000000   Number         0  ctrl.o ABSOLUTE
    ..\User\dgm_com.c                        0x00000000   Number         0  dgm_com.o ABSOLUTE
    ..\User\dji_comm.c                       0x00000000   Number         0  dji_comm.o ABSOLUTE
    ..\User\odrive_com.c                     0x00000000   Number         0  odrive_com.o ABSOLUTE
    ..\User\rm_motor.c                       0x00000000   Number         0  rm_motor.o ABSOLUTE
    ..\User\vesc_comm.c                      0x00000000   Number         0  vesc_comm.o ABSOLUTE
    ..\\User\\bsp_can.c                      0x00000000   Number         0  bsp_can.o ABSOLUTE
    ..\\User\\bsp_usart.c                    0x00000000   Number         0  bsp_usart.o ABSOLUTE
    ..\\User\\ctrl.c                         0x00000000   Number         0  ctrl.o ABSOLUTE
    ..\\User\\dgm_com.c                      0x00000000   Number         0  dgm_com.o ABSOLUTE
    ..\\User\\dji_comm.c                     0x00000000   Number         0  dji_comm.o ABSOLUTE
    ..\\User\\odrive_com.c                   0x00000000   Number         0  odrive_com.o ABSOLUTE
    ..\\User\\vesc_comm.c                    0x00000000   Number         0  vesc_comm.o ABSOLUTE
    cdrcmple.s                               0x00000000   Number         0  cdrcmple.o ABSOLUTE
    dc.s                                     0x00000000   Number         0  dc.o ABSOLUTE
    handlers.s                               0x00000000   Number         0  handlers.o ABSOLUTE
    init.s                                   0x00000000   Number         0  init.o ABSOLUTE
    startup_stm32f405xx.s                    0x00000000   Number         0  startup_stm32f405xx.o ABSOLUTE
    RESET                                    0x08000000   Section      392  startup_stm32f405xx.o(RESET)
    .ARM.Collect$$$$00000000                 0x08000188   Section        0  entry.o(.ARM.Collect$$$$00000000)
    .ARM.Collect$$$$00000001                 0x08000188   Section        4  entry2.o(.ARM.Collect$$$$00000001)
    .ARM.Collect$$$$00000004                 0x0800018c   Section        4  entry5.o(.ARM.Collect$$$$00000004)
    .ARM.Collect$$$$00000008                 0x08000190   Section        0  entry7b.o(.ARM.Collect$$$$00000008)
    .ARM.Collect$$$$0000000A                 0x08000190   Section        0  entry8b.o(.ARM.Collect$$$$0000000A)
    .ARM.Collect$$$$0000000B                 0x08000190   Section        8  entry9a.o(.ARM.Collect$$$$0000000B)
    .ARM.Collect$$$$0000000E                 0x08000198   Section        4  entry12b.o(.ARM.Collect$$$$0000000E)
    .ARM.Collect$$$$0000000F                 0x0800019c   Section        0  entry10a.o(.ARM.Collect$$$$0000000F)
    .ARM.Collect$$$$00000011                 0x0800019c   Section        0  entry11a.o(.ARM.Collect$$$$00000011)
    .ARM.Collect$$$$00002712                 0x0800019c   Section        4  entry2.o(.ARM.Collect$$$$00002712)
    __lit__00000000                          0x0800019c   Data           4  entry2.o(.ARM.Collect$$$$00002712)
    .text                                    0x080001a0   Section       36  startup_stm32f405xx.o(.text)
    $v0                                      0x080001a0   Number         0  startup_stm32f405xx.o(.text)
    .text                                    0x080001c4   Section        0  uldiv.o(.text)
    .text                                    0x08000226   Section        0  memcpya.o(.text)
    .text                                    0x0800024a   Section        0  memseta.o(.text)
    .text                                    0x0800026e   Section        0  llshl.o(.text)
    .text                                    0x0800028c   Section        0  llushr.o(.text)
    .text                                    0x080002ac   Section       36  init.o(.text)
    i.BusFault_Handler                       0x080002d0   Section        0  stm32f4xx_it.o(i.BusFault_Handler)
    i.CAN1_RX0_IRQHandler                    0x080002d4   Section        0  stm32f4xx_it.o(i.CAN1_RX0_IRQHandler)
    i.CAN1_TX_IRQHandler                     0x080002e0   Section        0  stm32f4xx_it.o(i.CAN1_TX_IRQHandler)
    i.CAN2_RX0_IRQHandler                    0x080002ec   Section        0  stm32f4xx_it.o(i.CAN2_RX0_IRQHandler)
    i.CAN2_TX_IRQHandler                     0x080002f8   Section        0  stm32f4xx_it.o(i.CAN2_TX_IRQHandler)
    i.CANRespond                             0x08000304   Section        0  dji_comm.o(i.CANRespond)
    i.CAN_Filter_Init                        0x080003a4   Section        0  bsp_can.o(i.CAN_Filter_Init)
    i.CalculSpeed_Pos                        0x080003fc   Section        0  ctrl.o(i.CalculSpeed_Pos)
    i.CanSendData                            0x08000460   Section        0  dji_comm.o(i.CanSendData)
    i.CanSendPeriodMsgs                      0x080004a4   Section        0  dji_comm.o(i.CanSendPeriodMsgs)
    i.Can_send_dgm                           0x080004f8   Section        0  dgm_com.o(i.Can_send_dgm)
    i.Can_send_odrive                        0x08000554   Section        0  odrive_com.o(i.Can_send_odrive)
    i.DGMMotorCtrl                           0x080005b0   Section        0  dgm_com.o(i.DGMMotorCtrl)
    i.DJIMotorCtrl                           0x080005cc   Section        0  ctrl.o(i.DJIMotorCtrl)
    i.DMA1_Stream1_IRQHandler                0x080006f8   Section        0  stm32f4xx_it.o(i.DMA1_Stream1_IRQHandler)
    i.DMA_CalcBaseAndBitshift                0x08000704   Section        0  stm32f4xx_hal_dma.o(i.DMA_CalcBaseAndBitshift)
    DMA_CalcBaseAndBitshift                  0x08000705   Thumb Code    34  stm32f4xx_hal_dma.o(i.DMA_CalcBaseAndBitshift)
    i.DMA_CheckFifoParam                     0x0800072c   Section        0  stm32f4xx_hal_dma.o(i.DMA_CheckFifoParam)
    DMA_CheckFifoParam                       0x0800072d   Thumb Code    84  stm32f4xx_hal_dma.o(i.DMA_CheckFifoParam)
    i.DMA_SetConfig                          0x08000780   Section        0  stm32f4xx_hal_dma.o(i.DMA_SetConfig)
    DMA_SetConfig                            0x08000781   Thumb Code    40  stm32f4xx_hal_dma.o(i.DMA_SetConfig)
    i.DebugMon_Handler                       0x080007a8   Section        0  stm32f4xx_it.o(i.DebugMon_Handler)
    i.DgmSetMotorVel                         0x080007ac   Section        0  dgm_com.o(i.DgmSetMotorVel)
    i.Dgm_Motor_ON                           0x080007e4   Section        0  dgm_com.o(i.Dgm_Motor_ON)
    i.DriverInit                             0x08000800   Section        0  ctrl.o(i.DriverInit)
    i.Error_Handler                          0x08000934   Section        0  main.o(i.Error_Handler)
    i.FloatToByte                            0x08000938   Section        0  odrive_com.o(i.FloatToByte)
    i.HAL_CAN_ActivateNotification           0x08000954   Section        0  stm32f4xx_hal_can.o(i.HAL_CAN_ActivateNotification)
    i.HAL_CAN_AddTxMessage                   0x08000978   Section        0  stm32f4xx_hal_can.o(i.HAL_CAN_AddTxMessage)
    i.HAL_CAN_ConfigFilter                   0x08000a54   Section        0  stm32f4xx_hal_can.o(i.HAL_CAN_ConfigFilter)
    i.HAL_CAN_ErrorCallback                  0x08000b60   Section        0  stm32f4xx_hal_can.o(i.HAL_CAN_ErrorCallback)
    i.HAL_CAN_GetRxMessage                   0x08000b62   Section        0  stm32f4xx_hal_can.o(i.HAL_CAN_GetRxMessage)
    i.HAL_CAN_GetTxMailboxesFreeLevel        0x08000c4a   Section        0  stm32f4xx_hal_can.o(i.HAL_CAN_GetTxMailboxesFreeLevel)
    i.HAL_CAN_IRQHandler                     0x08000c76   Section        0  stm32f4xx_hal_can.o(i.HAL_CAN_IRQHandler)
    i.HAL_CAN_Init                           0x08000e72   Section        0  stm32f4xx_hal_can.o(i.HAL_CAN_Init)
    i.HAL_CAN_MspInit                        0x08000f8c   Section        0  can.o(i.HAL_CAN_MspInit)
    i.HAL_CAN_RxFifo0FullCallback            0x080010b0   Section        0  stm32f4xx_hal_can.o(i.HAL_CAN_RxFifo0FullCallback)
    i.HAL_CAN_RxFifo0MsgPendingCallback      0x080010b4   Section        0  stm32f4xx_it.o(i.HAL_CAN_RxFifo0MsgPendingCallback)
    i.HAL_CAN_RxFifo1FullCallback            0x0800138c   Section        0  stm32f4xx_hal_can.o(i.HAL_CAN_RxFifo1FullCallback)
    i.HAL_CAN_RxFifo1MsgPendingCallback      0x0800138e   Section        0  stm32f4xx_hal_can.o(i.HAL_CAN_RxFifo1MsgPendingCallback)
    i.HAL_CAN_SleepCallback                  0x08001390   Section        0  stm32f4xx_hal_can.o(i.HAL_CAN_SleepCallback)
    i.HAL_CAN_Start                          0x08001394   Section        0  stm32f4xx_hal_can.o(i.HAL_CAN_Start)
    i.HAL_CAN_TxMailbox0AbortCallback        0x080013ec   Section        0  stm32f4xx_hal_can.o(i.HAL_CAN_TxMailbox0AbortCallback)
    i.HAL_CAN_TxMailbox0CompleteCallback     0x080013ee   Section        0  stm32f4xx_hal_can.o(i.HAL_CAN_TxMailbox0CompleteCallback)
    i.HAL_CAN_TxMailbox1AbortCallback        0x080013f0   Section        0  stm32f4xx_hal_can.o(i.HAL_CAN_TxMailbox1AbortCallback)
    i.HAL_CAN_TxMailbox1CompleteCallback     0x080013f2   Section        0  stm32f4xx_hal_can.o(i.HAL_CAN_TxMailbox1CompleteCallback)
    i.HAL_CAN_TxMailbox2AbortCallback        0x080013f4   Section        0  stm32f4xx_hal_can.o(i.HAL_CAN_TxMailbox2AbortCallback)
    i.HAL_CAN_TxMailbox2CompleteCallback     0x080013f6   Section        0  stm32f4xx_hal_can.o(i.HAL_CAN_TxMailbox2CompleteCallback)
    i.HAL_CAN_WakeUpFromRxMsgCallback        0x080013f8   Section        0  stm32f4xx_hal_can.o(i.HAL_CAN_WakeUpFromRxMsgCallback)
    i.HAL_DMA_Abort_IT                       0x080013fa   Section        0  stm32f4xx_hal_dma.o(i.HAL_DMA_Abort_IT)
    i.HAL_DMA_IRQHandler                     0x08001420   Section        0  stm32f4xx_hal_dma.o(i.HAL_DMA_IRQHandler)
    i.HAL_DMA_Init                           0x080015c0   Section        0  stm32f4xx_hal_dma.o(i.HAL_DMA_Init)
    i.HAL_DMA_Start                          0x08001694   Section        0  stm32f4xx_hal_dma.o(i.HAL_DMA_Start)
    i.HAL_Delay                              0x080016dc   Section        0  stm32f4xx_hal.o(i.HAL_Delay)
    i.HAL_GPIO_Init                          0x08001700   Section        0  stm32f4xx_hal_gpio.o(i.HAL_GPIO_Init)
    i.HAL_GPIO_TogglePin                     0x080018b8   Section        0  stm32f4xx_hal_gpio.o(i.HAL_GPIO_TogglePin)
    i.HAL_GPIO_WritePin                      0x080018c6   Section        0  stm32f4xx_hal_gpio.o(i.HAL_GPIO_WritePin)
    i.HAL_GetTick                            0x080018d0   Section        0  stm32f4xx_hal.o(i.HAL_GetTick)
    i.HAL_IncTick                            0x080018dc   Section        0  stm32f4xx_hal.o(i.HAL_IncTick)
    i.HAL_Init                               0x080018ec   Section        0  stm32f4xx_hal.o(i.HAL_Init)
    i.HAL_InitTick                           0x08001920   Section        0  stm32f4xx_hal.o(i.HAL_InitTick)
    i.HAL_MspInit                            0x08001960   Section        0  stm32f4xx_hal_msp.o(i.HAL_MspInit)
    i.HAL_NVIC_EnableIRQ                     0x08001990   Section        0  stm32f4xx_hal_cortex.o(i.HAL_NVIC_EnableIRQ)
    i.HAL_NVIC_SetPriority                   0x080019ac   Section        0  stm32f4xx_hal_cortex.o(i.HAL_NVIC_SetPriority)
    i.HAL_NVIC_SetPriorityGrouping           0x080019ec   Section        0  stm32f4xx_hal_cortex.o(i.HAL_NVIC_SetPriorityGrouping)
    i.HAL_RCC_ClockConfig                    0x08001a10   Section        0  stm32f4xx_hal_rcc.o(i.HAL_RCC_ClockConfig)
    i.HAL_RCC_GetPCLK1Freq                   0x08001b44   Section        0  stm32f4xx_hal_rcc.o(i.HAL_RCC_GetPCLK1Freq)
    i.HAL_RCC_GetPCLK2Freq                   0x08001b64   Section        0  stm32f4xx_hal_rcc.o(i.HAL_RCC_GetPCLK2Freq)
    i.HAL_RCC_GetSysClockFreq                0x08001b84   Section        0  stm32f4xx_hal_rcc.o(i.HAL_RCC_GetSysClockFreq)
    i.HAL_RCC_OscConfig                      0x08001be4   Section        0  stm32f4xx_hal_rcc.o(i.HAL_RCC_OscConfig)
    i.HAL_SYSTICK_Config                     0x08001f40   Section        0  stm32f4xx_hal_cortex.o(i.HAL_SYSTICK_Config)
    i.HAL_TIMEx_BreakCallback                0x08001f68   Section        0  stm32f4xx_hal_tim_ex.o(i.HAL_TIMEx_BreakCallback)
    i.HAL_TIMEx_CommutCallback               0x08001f6a   Section        0  stm32f4xx_hal_tim_ex.o(i.HAL_TIMEx_CommutCallback)
    i.HAL_TIMEx_MasterConfigSynchronization  0x08001f6c   Section        0  stm32f4xx_hal_tim_ex.o(i.HAL_TIMEx_MasterConfigSynchronization)
    i.HAL_TIM_Base_Init                      0x08001ffc   Section        0  stm32f4xx_hal_tim.o(i.HAL_TIM_Base_Init)
    i.HAL_TIM_Base_MspInit                   0x08002034   Section        0  tim.o(i.HAL_TIM_Base_MspInit)
    i.HAL_TIM_Base_Start_IT                  0x0800206c   Section        0  stm32f4xx_hal_tim.o(i.HAL_TIM_Base_Start_IT)
    i.HAL_TIM_ConfigClockSource              0x0800208e   Section        0  stm32f4xx_hal_tim.o(i.HAL_TIM_ConfigClockSource)
    i.HAL_TIM_IC_CaptureCallback             0x08002164   Section        0  stm32f4xx_hal_tim.o(i.HAL_TIM_IC_CaptureCallback)
    i.HAL_TIM_IRQHandler                     0x08002166   Section        0  stm32f4xx_hal_tim.o(i.HAL_TIM_IRQHandler)
    i.HAL_TIM_OC_DelayElapsedCallback        0x080022cc   Section        0  stm32f4xx_hal_tim.o(i.HAL_TIM_OC_DelayElapsedCallback)
    i.HAL_TIM_PWM_PulseFinishedCallback      0x080022ce   Section        0  stm32f4xx_hal_tim.o(i.HAL_TIM_PWM_PulseFinishedCallback)
    i.HAL_TIM_PeriodElapsedCallback          0x080022d0   Section        0  stm32f4xx_it.o(i.HAL_TIM_PeriodElapsedCallback)
    i.HAL_TIM_TriggerCallback                0x080022ec   Section        0  stm32f4xx_hal_tim.o(i.HAL_TIM_TriggerCallback)
    i.HAL_UART_ErrorCallback                 0x080022ee   Section        0  stm32f4xx_hal_uart.o(i.HAL_UART_ErrorCallback)
    i.HAL_UART_IRQHandler                    0x080022f0   Section        0  stm32f4xx_hal_uart.o(i.HAL_UART_IRQHandler)
    i.HAL_UART_Init                          0x08002404   Section        0  stm32f4xx_hal_uart.o(i.HAL_UART_Init)
    i.HAL_UART_MspInit                       0x08002468   Section        0  usart.o(i.HAL_UART_MspInit)
    i.HAL_UART_RxCpltCallback                0x08002518   Section        0  stm32f4xx_hal_uart.o(i.HAL_UART_RxCpltCallback)
    i.HAL_UART_TxCpltCallback                0x0800251a   Section        0  stm32f4xx_hal_uart.o(i.HAL_UART_TxCpltCallback)
    i.HardFault_Handler                      0x0800251c   Section        0  stm32f4xx_it.o(i.HardFault_Handler)
    i.HomingMode                             0x0800252c   Section        0  ctrl.o(i.HomingMode)
    i.MX_CAN1_Init                           0x080025a4   Section        0  can.o(i.MX_CAN1_Init)
    i.MX_CAN2_Init                           0x080025e8   Section        0  can.o(i.MX_CAN2_Init)
    i.MX_DMA_Init                            0x0800262c   Section        0  dma.o(i.MX_DMA_Init)
    i.MX_GPIO_Init                           0x08002658   Section        0  gpio.o(i.MX_GPIO_Init)
    i.MX_TIM2_Init                           0x080026d4   Section        0  tim.o(i.MX_TIM2_Init)
    i.MX_USART3_UART_Init                    0x08002738   Section        0  usart.o(i.MX_USART3_UART_Init)
    i.MaxMinLimit                            0x08002770   Section        0  ctrl.o(i.MaxMinLimit)
    i.MemManage_Handler                      0x08002792   Section        0  stm32f4xx_it.o(i.MemManage_Handler)
    i.MotorOn                                0x08002794   Section        0  ctrl.o(i.MotorOn)
    i.NMI_Handler                            0x080027d8   Section        0  stm32f4xx_it.o(i.NMI_Handler)
    i.Odrive_encoder_index_search            0x080027dc   Section        0  odrive_com.o(i.Odrive_encoder_index_search)
    i.Odrive_encoder_offset_calibration      0x080027fc   Section        0  odrive_com.o(i.Odrive_encoder_offset_calibration)
    i.Odrive_motor_calibration               0x0800281c   Section        0  odrive_com.o(i.Odrive_motor_calibration)
    i.Odrive_set_closed_loop                 0x0800283c   Section        0  odrive_com.o(i.Odrive_set_closed_loop)
    i.Odrive_set_control_mode                0x0800285c   Section        0  odrive_com.o(i.Odrive_set_control_mode)
    i.Odrive_set_motor_pos                   0x080028e0   Section        0  odrive_com.o(i.Odrive_set_motor_pos)
    i.Odrive_set_motor_vel                   0x080028fc   Section        0  odrive_com.o(i.Odrive_set_motor_vel)
    i.PendSV_Handler                         0x08002918   Section        0  stm32f4xx_it.o(i.PendSV_Handler)
    i.PosCtrl                                0x0800291c   Section        0  ctrl.o(i.PosCtrl)
    i.SVC_Handler                            0x080029a0   Section        0  stm32f4xx_it.o(i.SVC_Handler)
    i.SetCur                                 0x080029a4   Section        0  dji_comm.o(i.SetCur)
    i.SetMotor                               0x08002a3c   Section        0  vesc_comm.o(i.SetMotor)
    i.SysTick_Handler                        0x08002b08   Section        0  stm32f4xx_it.o(i.SysTick_Handler)
    i.SystemClock_Config                     0x08002b0c   Section        0  main.o(i.SystemClock_Config)
    i.SystemInit                             0x08002ba0   Section        0  system_stm32f4xx.o(i.SystemInit)
    i.TIM2_IRQHandler                        0x08002bbc   Section        0  stm32f4xx_it.o(i.TIM2_IRQHandler)
    i.TIM_Base_SetConfig                     0x08002bc8   Section        0  stm32f4xx_hal_tim.o(i.TIM_Base_SetConfig)
    i.TIM_ETR_SetConfig                      0x08002c90   Section        0  stm32f4xx_hal_tim.o(i.TIM_ETR_SetConfig)
    i.TIM_ITRx_SetConfig                     0x08002ca4   Section        0  stm32f4xx_hal_tim.o(i.TIM_ITRx_SetConfig)
    TIM_ITRx_SetConfig                       0x08002ca5   Thumb Code    16  stm32f4xx_hal_tim.o(i.TIM_ITRx_SetConfig)
    i.TIM_TI1_ConfigInputStage               0x08002cb4   Section        0  stm32f4xx_hal_tim.o(i.TIM_TI1_ConfigInputStage)
    TIM_TI1_ConfigInputStage                 0x08002cb5   Thumb Code    34  stm32f4xx_hal_tim.o(i.TIM_TI1_ConfigInputStage)
    i.TIM_TI2_ConfigInputStage               0x08002cd6   Section        0  stm32f4xx_hal_tim.o(i.TIM_TI2_ConfigInputStage)
    TIM_TI2_ConfigInputStage                 0x08002cd7   Thumb Code    36  stm32f4xx_hal_tim.o(i.TIM_TI2_ConfigInputStage)
    i.UART_DMAAbortOnError                   0x08002cfa   Section        0  stm32f4xx_hal_uart.o(i.UART_DMAAbortOnError)
    UART_DMAAbortOnError                     0x08002cfb   Thumb Code    16  stm32f4xx_hal_uart.o(i.UART_DMAAbortOnError)
    i.UART_EndRxTransfer                     0x08002d0a   Section        0  stm32f4xx_hal_uart.o(i.UART_EndRxTransfer)
    UART_EndRxTransfer                       0x08002d0b   Thumb Code    28  stm32f4xx_hal_uart.o(i.UART_EndRxTransfer)
    i.UART_Receive_IT                        0x08002d26   Section        0  stm32f4xx_hal_uart.o(i.UART_Receive_IT)
    UART_Receive_IT                          0x08002d27   Thumb Code   150  stm32f4xx_hal_uart.o(i.UART_Receive_IT)
    i.UART_SetConfig                         0x08002dbc   Section        0  stm32f4xx_hal_uart.o(i.UART_SetConfig)
    UART_SetConfig                           0x08002dbd   Thumb Code   286  stm32f4xx_hal_uart.o(i.UART_SetConfig)
    i.UART_Transmit_IT                       0x08002ee4   Section        0  stm32f4xx_hal_uart.o(i.UART_Transmit_IT)
    UART_Transmit_IT                         0x08002ee5   Thumb Code    98  stm32f4xx_hal_uart.o(i.UART_Transmit_IT)
    i.USART3_IRQHandler                      0x08002f48   Section        0  stm32f4xx_it.o(i.USART3_IRQHandler)
    i.UsageFault_Handler                     0x08002f60   Section        0  stm32f4xx_it.o(i.UsageFault_Handler)
    i.VelPidCtrl                             0x08002f62   Section        0  ctrl.o(i.VelPidCtrl)
    i.VelSlope                               0x08002fae   Section        0  ctrl.o(i.VelSlope)
    i.__NVIC_SetPriority                     0x08002ff4   Section        0  stm32f4xx_hal_cortex.o(i.__NVIC_SetPriority)
    __NVIC_SetPriority                       0x08002ff5   Thumb Code    32  stm32f4xx_hal_cortex.o(i.__NVIC_SetPriority)
    i.__scatterload_copy                     0x08003014   Section       14  handlers.o(i.__scatterload_copy)
    i.__scatterload_null                     0x08003022   Section        2  handlers.o(i.__scatterload_null)
    i.__scatterload_zeroinit                 0x08003024   Section       14  handlers.o(i.__scatterload_zeroinit)
    i.buffer_append_int32                    0x08003032   Section        0  vesc_comm.o(i.buffer_append_int32)
    i.can_transmit_eid                       0x0800305c   Section        0  vesc_comm.o(i.can_transmit_eid)
    i.main                                   0x080030a0   Section        0  main.o(i.main)
    i.uart_init                              0x08003164   Section        0  bsp_usart.o(i.uart_init)
    i.uart_receive_handler                   0x08003170   Section        0  bsp_usart.o(i.uart_receive_handler)
    i.uart_receive_init                      0x080031b4   Section        0  bsp_usart.o(i.uart_receive_init)
    .constdata                               0x08003200   Section        8  stm32f4xx_hal_dma.o(.constdata)
    flagBitshiftOffset                       0x08003200   Data           8  stm32f4xx_hal_dma.o(.constdata)
    .constdata                               0x08003208   Section       16  system_stm32f4xx.o(.constdata)
    .constdata                               0x08003218   Section        8  system_stm32f4xx.o(.constdata)
    .constdata                               0x08003220   Section       80  odrive_com.o(.constdata)
    .data                                    0x20000000   Section        8  main.o(.data)
    .data                                    0x20000008   Section        4  can.o(.data)
    HAL_RCC_CAN1_CLK_ENABLED                 0x20000008   Data           4  can.o(.data)
    .data                                    0x2000000c   Section       36  stm32f4xx_it.o(.data)
    .data                                    0x20000030   Section       12  stm32f4xx_hal.o(.data)
    .data                                    0x2000003c   Section        4  system_stm32f4xx.o(.data)
    .data                                    0x20000040   Section       12  ctrl.o(.data)
    .data                                    0x2000004c   Section        4  dji_comm.o(.data)
    .data                                    0x20000050   Section       12  vesc_comm.o(.data)
    .data                                    0x2000005c   Section        8  dgm_com.o(.data)
    .bss                                     0x20000064   Section       24  main.o(.bss)
    .bss                                     0x2000007c   Section       80  can.o(.bss)
    .bss                                     0x200000cc   Section       64  tim.o(.bss)
    .bss                                     0x2000010c   Section      160  usart.o(.bss)
    .bss                                     0x200001ac   Section     1360  ctrl.o(.bss)
    .bss                                     0x200006fc   Section      192  rm_motor.o(.bss)
    .bss                                     0x200007bc   Section       28  bsp_usart.o(.bss)
    .bss                                     0x200007d8   Section       24  dgm_com.o(.bss)
    STACK                                    0x200007f0   Section     1024  startup_stm32f405xx.o(STACK)

    Global Symbols

    Symbol Name                              Value     Ov Type        Size  Object(Section)

    BuildAttributes$$THM_ISAv4$E$P$D$K$B$S$7EM$VFPi3$EXTD16$VFPS$VFMA$PE$A:L22UL41UL21$X:L11$S22US41US21$IEEE1$IW$USESV6$~STKCKD$USESV7$~SHL$OSPACE$ROPI$EBA8$MICROLIB$REQ8$PRES8$EABIv2 0x00000000   Number         0  anon$$obj.o ABSOLUTE
    __ARM_use_no_argv                        0x00000000   Number         0  main.o ABSOLUTE
    __arm_fini_                               - Undefined Weak Reference
    __cpp_initialize__aeabi_                  - Undefined Weak Reference
    __cxa_finalize                            - Undefined Weak Reference
    __decompress                              - Undefined Weak Reference
    _clock_init                               - Undefined Weak Reference
    _microlib_exit                            - Undefined Weak Reference
    __Vectors_Size                           0x00000188   Number         0  startup_stm32f405xx.o ABSOLUTE
    __Vectors                                0x08000000   Data           4  startup_stm32f405xx.o(RESET)
    __Vectors_End                            0x08000188   Data           0  startup_stm32f405xx.o(RESET)
    __main                                   0x08000189   Thumb Code     0  entry.o(.ARM.Collect$$$$00000000)
    _main_stk                                0x08000189   Thumb Code     0  entry2.o(.ARM.Collect$$$$00000001)
    _main_scatterload                        0x0800018d   Thumb Code     0  entry5.o(.ARM.Collect$$$$00000004)
    __main_after_scatterload                 0x08000191   Thumb Code     0  entry5.o(.ARM.Collect$$$$00000004)
    _main_clock                              0x08000191   Thumb Code     0  entry7b.o(.ARM.Collect$$$$00000008)
    _main_cpp_init                           0x08000191   Thumb Code     0  entry8b.o(.ARM.Collect$$$$0000000A)
    _main_init                               0x08000191   Thumb Code     0  entry9a.o(.ARM.Collect$$$$0000000B)
    __rt_lib_shutdown_fini                   0x08000199   Thumb Code     0  entry12b.o(.ARM.Collect$$$$0000000E)
    __rt_final_cpp                           0x0800019d   Thumb Code     0  entry10a.o(.ARM.Collect$$$$0000000F)
    __rt_final_exit                          0x0800019d   Thumb Code     0  entry11a.o(.ARM.Collect$$$$00000011)
    Reset_Handler                            0x080001a1   Thumb Code     8  startup_stm32f405xx.o(.text)
    ADC_IRQHandler                           0x080001bb   Thumb Code     0  startup_stm32f405xx.o(.text)
    CAN1_RX1_IRQHandler                      0x080001bb   Thumb Code     0  startup_stm32f405xx.o(.text)
    CAN1_SCE_IRQHandler                      0x080001bb   Thumb Code     0  startup_stm32f405xx.o(.text)
    CAN2_RX1_IRQHandler                      0x080001bb   Thumb Code     0  startup_stm32f405xx.o(.text)
    CAN2_SCE_IRQHandler                      0x080001bb   Thumb Code     0  startup_stm32f405xx.o(.text)
    DMA1_Stream0_IRQHandler                  0x080001bb   Thumb Code     0  startup_stm32f405xx.o(.text)
    DMA1_Stream2_IRQHandler                  0x080001bb   Thumb Code     0  startup_stm32f405xx.o(.text)
    DMA1_Stream3_IRQHandler                  0x080001bb   Thumb Code     0  startup_stm32f405xx.o(.text)
    DMA1_Stream4_IRQHandler                  0x080001bb   Thumb Code     0  startup_stm32f405xx.o(.text)
    DMA1_Stream5_IRQHandler                  0x080001bb   Thumb Code     0  startup_stm32f405xx.o(.text)
    DMA1_Stream6_IRQHandler                  0x080001bb   Thumb Code     0  startup_stm32f405xx.o(.text)
    DMA1_Stream7_IRQHandler                  0x080001bb   Thumb Code     0  startup_stm32f405xx.o(.text)
    DMA2_Stream0_IRQHandler                  0x080001bb   Thumb Code     0  startup_stm32f405xx.o(.text)
    DMA2_Stream1_IRQHandler                  0x080001bb   Thumb Code     0  startup_stm32f405xx.o(.text)
    DMA2_Stream2_IRQHandler                  0x080001bb   Thumb Code     0  startup_stm32f405xx.o(.text)
    DMA2_Stream3_IRQHandler                  0x080001bb   Thumb Code     0  startup_stm32f405xx.o(.text)
    DMA2_Stream4_IRQHandler                  0x080001bb   Thumb Code     0  startup_stm32f405xx.o(.text)
    DMA2_Stream5_IRQHandler                  0x080001bb   Thumb Code     0  startup_stm32f405xx.o(.text)
    DMA2_Stream6_IRQHandler                  0x080001bb   Thumb Code     0  startup_stm32f405xx.o(.text)
    DMA2_Stream7_IRQHandler                  0x080001bb   Thumb Code     0  startup_stm32f405xx.o(.text)
    EXTI0_IRQHandler                         0x080001bb   Thumb Code     0  startup_stm32f405xx.o(.text)
    EXTI15_10_IRQHandler                     0x080001bb   Thumb Code     0  startup_stm32f405xx.o(.text)
    EXTI1_IRQHandler                         0x080001bb   Thumb Code     0  startup_stm32f405xx.o(.text)
    EXTI2_IRQHandler                         0x080001bb   Thumb Code     0  startup_stm32f405xx.o(.text)
    EXTI3_IRQHandler                         0x080001bb   Thumb Code     0  startup_stm32f405xx.o(.text)
    EXTI4_IRQHandler                         0x080001bb   Thumb Code     0  startup_stm32f405xx.o(.text)
    EXTI9_5_IRQHandler                       0x080001bb   Thumb Code     0  startup_stm32f405xx.o(.text)
    FLASH_IRQHandler                         0x080001bb   Thumb Code     0  startup_stm32f405xx.o(.text)
    FMC_IRQHandler                           0x080001bb   Thumb Code     0  startup_stm32f405xx.o(.text)
    FPU_IRQHandler                           0x080001bb   Thumb Code     0  startup_stm32f405xx.o(.text)
    HASH_RNG_IRQHandler                      0x080001bb   Thumb Code     0  startup_stm32f405xx.o(.text)
    I2C1_ER_IRQHandler                       0x080001bb   Thumb Code     0  startup_stm32f405xx.o(.text)
    I2C1_EV_IRQHandler                       0x080001bb   Thumb Code     0  startup_stm32f405xx.o(.text)
    I2C2_ER_IRQHandler                       0x080001bb   Thumb Code     0  startup_stm32f405xx.o(.text)
    I2C2_EV_IRQHandler                       0x080001bb   Thumb Code     0  startup_stm32f405xx.o(.text)
    I2C3_ER_IRQHandler                       0x080001bb   Thumb Code     0  startup_stm32f405xx.o(.text)
    I2C3_EV_IRQHandler                       0x080001bb   Thumb Code     0  startup_stm32f405xx.o(.text)
    OTG_FS_IRQHandler                        0x080001bb   Thumb Code     0  startup_stm32f405xx.o(.text)
    OTG_FS_WKUP_IRQHandler                   0x080001bb   Thumb Code     0  startup_stm32f405xx.o(.text)
    OTG_HS_EP1_IN_IRQHandler                 0x080001bb   Thumb Code     0  startup_stm32f405xx.o(.text)
    OTG_HS_EP1_OUT_IRQHandler                0x080001bb   Thumb Code     0  startup_stm32f405xx.o(.text)
    OTG_HS_IRQHandler                        0x080001bb   Thumb Code     0  startup_stm32f405xx.o(.text)
    OTG_HS_WKUP_IRQHandler                   0x080001bb   Thumb Code     0  startup_stm32f405xx.o(.text)
    PVD_IRQHandler                           0x080001bb   Thumb Code     0  startup_stm32f405xx.o(.text)
    RCC_IRQHandler                           0x080001bb   Thumb Code     0  startup_stm32f405xx.o(.text)
    RTC_Alarm_IRQHandler                     0x080001bb   Thumb Code     0  startup_stm32f405xx.o(.text)
    RTC_WKUP_IRQHandler                      0x080001bb   Thumb Code     0  startup_stm32f405xx.o(.text)
    SDIO_IRQHandler                          0x080001bb   Thumb Code     0  startup_stm32f405xx.o(.text)
    SPI1_IRQHandler                          0x080001bb   Thumb Code     0  startup_stm32f405xx.o(.text)
    SPI2_IRQHandler                          0x080001bb   Thumb Code     0  startup_stm32f405xx.o(.text)
    SPI3_IRQHandler                          0x080001bb   Thumb Code     0  startup_stm32f405xx.o(.text)
    TAMP_STAMP_IRQHandler                    0x080001bb   Thumb Code     0  startup_stm32f405xx.o(.text)
    TIM1_BRK_TIM9_IRQHandler                 0x080001bb   Thumb Code     0  startup_stm32f405xx.o(.text)
    TIM1_CC_IRQHandler                       0x080001bb   Thumb Code     0  startup_stm32f405xx.o(.text)
    TIM1_TRG_COM_TIM11_IRQHandler            0x080001bb   Thumb Code     0  startup_stm32f405xx.o(.text)
    TIM1_UP_TIM10_IRQHandler                 0x080001bb   Thumb Code     0  startup_stm32f405xx.o(.text)
    TIM3_IRQHandler                          0x080001bb   Thumb Code     0  startup_stm32f405xx.o(.text)
    TIM4_IRQHandler                          0x080001bb   Thumb Code     0  startup_stm32f405xx.o(.text)
    TIM5_IRQHandler                          0x080001bb   Thumb Code     0  startup_stm32f405xx.o(.text)
    TIM6_DAC_IRQHandler                      0x080001bb   Thumb Code     0  startup_stm32f405xx.o(.text)
    TIM7_IRQHandler                          0x080001bb   Thumb Code     0  startup_stm32f405xx.o(.text)
    TIM8_BRK_TIM12_IRQHandler                0x080001bb   Thumb Code     0  startup_stm32f405xx.o(.text)
    TIM8_CC_IRQHandler                       0x080001bb   Thumb Code     0  startup_stm32f405xx.o(.text)
    TIM8_TRG_COM_TIM14_IRQHandler            0x080001bb   Thumb Code     0  startup_stm32f405xx.o(.text)
    TIM8_UP_TIM13_IRQHandler                 0x080001bb   Thumb Code     0  startup_stm32f405xx.o(.text)
    UART4_IRQHandler                         0x080001bb   Thumb Code     0  startup_stm32f405xx.o(.text)
    UART5_IRQHandler                         0x080001bb   Thumb Code     0  startup_stm32f405xx.o(.text)
    USART1_IRQHandler                        0x080001bb   Thumb Code     0  startup_stm32f405xx.o(.text)
    USART2_IRQHandler                        0x080001bb   Thumb Code     0  startup_stm32f405xx.o(.text)
    USART6_IRQHandler                        0x080001bb   Thumb Code     0  startup_stm32f405xx.o(.text)
    WWDG_IRQHandler                          0x080001bb   Thumb Code     0  startup_stm32f405xx.o(.text)
    __aeabi_uldivmod                         0x080001c5   Thumb Code    98  uldiv.o(.text)
    __aeabi_memcpy                           0x08000227   Thumb Code    36  memcpya.o(.text)
    __aeabi_memcpy4                          0x08000227   Thumb Code     0  memcpya.o(.text)
    __aeabi_memcpy8                          0x08000227   Thumb Code     0  memcpya.o(.text)
    __aeabi_memset                           0x0800024b   Thumb Code    14  memseta.o(.text)
    __aeabi_memset4                          0x0800024b   Thumb Code     0  memseta.o(.text)
    __aeabi_memset8                          0x0800024b   Thumb Code     0  memseta.o(.text)
    __aeabi_memclr                           0x08000259   Thumb Code     4  memseta.o(.text)
    __aeabi_memclr4                          0x08000259   Thumb Code     0  memseta.o(.text)
    __aeabi_memclr8                          0x08000259   Thumb Code     0  memseta.o(.text)
    _memset$wrapper                          0x0800025d   Thumb Code    18  memseta.o(.text)
    __aeabi_llsl                             0x0800026f   Thumb Code    30  llshl.o(.text)
    _ll_shift_l                              0x0800026f   Thumb Code     0  llshl.o(.text)
    __aeabi_llsr                             0x0800028d   Thumb Code    32  llushr.o(.text)
    _ll_ushift_r                             0x0800028d   Thumb Code     0  llushr.o(.text)
    __scatterload                            0x080002ad   Thumb Code    28  init.o(.text)
    __scatterload_rt2                        0x080002ad   Thumb Code     0  init.o(.text)
    BusFault_Handler                         0x080002d1   Thumb Code     2  stm32f4xx_it.o(i.BusFault_Handler)
    CAN1_RX0_IRQHandler                      0x080002d5   Thumb Code     6  stm32f4xx_it.o(i.CAN1_RX0_IRQHandler)
    CAN1_TX_IRQHandler                       0x080002e1   Thumb Code     6  stm32f4xx_it.o(i.CAN1_TX_IRQHandler)
    CAN2_RX0_IRQHandler                      0x080002ed   Thumb Code     6  stm32f4xx_it.o(i.CAN2_RX0_IRQHandler)
    CAN2_TX_IRQHandler                       0x080002f9   Thumb Code     6  stm32f4xx_it.o(i.CAN2_TX_IRQHandler)
    CANRespond                               0x08000305   Thumb Code   142  dji_comm.o(i.CANRespond)
    CAN_Filter_Init                          0x080003a5   Thumb Code    80  bsp_can.o(i.CAN_Filter_Init)
    CalculSpeed_Pos                          0x080003fd   Thumb Code    90  ctrl.o(i.CalculSpeed_Pos)
    CanSendData                              0x08000461   Thumb Code    68  dji_comm.o(i.CanSendData)
    CanSendPeriodMsgs                        0x080004a5   Thumb Code    70  dji_comm.o(i.CanSendPeriodMsgs)
    Can_send_dgm                             0x080004f9   Thumb Code    92  dgm_com.o(i.Can_send_dgm)
    Can_send_odrive                          0x08000555   Thumb Code    92  odrive_com.o(i.Can_send_odrive)
    DGMMotorCtrl                             0x080005b1   Thumb Code    20  dgm_com.o(i.DGMMotorCtrl)
    DJIMotorCtrl                             0x080005cd   Thumb Code   268  ctrl.o(i.DJIMotorCtrl)
    DMA1_Stream1_IRQHandler                  0x080006f9   Thumb Code     6  stm32f4xx_it.o(i.DMA1_Stream1_IRQHandler)
    DebugMon_Handler                         0x080007a9   Thumb Code     2  stm32f4xx_it.o(i.DebugMon_Handler)
    DgmSetMotorVel                           0x080007ad   Thumb Code    48  dgm_com.o(i.DgmSetMotorVel)
    Dgm_Motor_ON                             0x080007e5   Thumb Code    22  dgm_com.o(i.Dgm_Motor_ON)
    DriverInit                               0x08000801   Thumb Code   250  ctrl.o(i.DriverInit)
    Error_Handler                            0x08000935   Thumb Code     4  main.o(i.Error_Handler)
    FloatToByte                              0x08000939   Thumb Code    28  odrive_com.o(i.FloatToByte)
    HAL_CAN_ActivateNotification             0x08000955   Thumb Code    36  stm32f4xx_hal_can.o(i.HAL_CAN_ActivateNotification)
    HAL_CAN_AddTxMessage                     0x08000979   Thumb Code   220  stm32f4xx_hal_can.o(i.HAL_CAN_AddTxMessage)
    HAL_CAN_ConfigFilter                     0x08000a55   Thumb Code   262  stm32f4xx_hal_can.o(i.HAL_CAN_ConfigFilter)
    HAL_CAN_ErrorCallback                    0x08000b61   Thumb Code     2  stm32f4xx_hal_can.o(i.HAL_CAN_ErrorCallback)
    HAL_CAN_GetRxMessage                     0x08000b63   Thumb Code   232  stm32f4xx_hal_can.o(i.HAL_CAN_GetRxMessage)
    HAL_CAN_GetTxMailboxesFreeLevel          0x08000c4b   Thumb Code    44  stm32f4xx_hal_can.o(i.HAL_CAN_GetTxMailboxesFreeLevel)
    HAL_CAN_IRQHandler                       0x08000c77   Thumb Code   508  stm32f4xx_hal_can.o(i.HAL_CAN_IRQHandler)
    HAL_CAN_Init                             0x08000e73   Thumb Code   282  stm32f4xx_hal_can.o(i.HAL_CAN_Init)
    HAL_CAN_MspInit                          0x08000f8d   Thumb Code   270  can.o(i.HAL_CAN_MspInit)
    HAL_CAN_RxFifo0FullCallback              0x080010b1   Thumb Code     2  stm32f4xx_hal_can.o(i.HAL_CAN_RxFifo0FullCallback)
    HAL_CAN_RxFifo0MsgPendingCallback        0x080010b5   Thumb Code   686  stm32f4xx_it.o(i.HAL_CAN_RxFifo0MsgPendingCallback)
    HAL_CAN_RxFifo1FullCallback              0x0800138d   Thumb Code     2  stm32f4xx_hal_can.o(i.HAL_CAN_RxFifo1FullCallback)
    HAL_CAN_RxFifo1MsgPendingCallback        0x0800138f   Thumb Code     2  stm32f4xx_hal_can.o(i.HAL_CAN_RxFifo1MsgPendingCallback)
    HAL_CAN_SleepCallback                    0x08001391   Thumb Code     2  stm32f4xx_hal_can.o(i.HAL_CAN_SleepCallback)
    HAL_CAN_Start                            0x08001395   Thumb Code    88  stm32f4xx_hal_can.o(i.HAL_CAN_Start)
    HAL_CAN_TxMailbox0AbortCallback          0x080013ed   Thumb Code     2  stm32f4xx_hal_can.o(i.HAL_CAN_TxMailbox0AbortCallback)
    HAL_CAN_TxMailbox0CompleteCallback       0x080013ef   Thumb Code     2  stm32f4xx_hal_can.o(i.HAL_CAN_TxMailbox0CompleteCallback)
    HAL_CAN_TxMailbox1AbortCallback          0x080013f1   Thumb Code     2  stm32f4xx_hal_can.o(i.HAL_CAN_TxMailbox1AbortCallback)
    HAL_CAN_TxMailbox1CompleteCallback       0x080013f3   Thumb Code     2  stm32f4xx_hal_can.o(i.HAL_CAN_TxMailbox1CompleteCallback)
    HAL_CAN_TxMailbox2AbortCallback          0x080013f5   Thumb Code     2  stm32f4xx_hal_can.o(i.HAL_CAN_TxMailbox2AbortCallback)
    HAL_CAN_TxMailbox2CompleteCallback       0x080013f7   Thumb Code     2  stm32f4xx_hal_can.o(i.HAL_CAN_TxMailbox2CompleteCallback)
    HAL_CAN_WakeUpFromRxMsgCallback          0x080013f9   Thumb Code     2  stm32f4xx_hal_can.o(i.HAL_CAN_WakeUpFromRxMsgCallback)
    HAL_DMA_Abort_IT                         0x080013fb   Thumb Code    36  stm32f4xx_hal_dma.o(i.HAL_DMA_Abort_IT)
    HAL_DMA_IRQHandler                       0x08001421   Thumb Code   412  stm32f4xx_hal_dma.o(i.HAL_DMA_IRQHandler)
    HAL_DMA_Init                             0x080015c1   Thumb Code   206  stm32f4xx_hal_dma.o(i.HAL_DMA_Init)
    HAL_DMA_Start                            0x08001695   Thumb Code    70  stm32f4xx_hal_dma.o(i.HAL_DMA_Start)
    HAL_Delay                                0x080016dd   Thumb Code    32  stm32f4xx_hal.o(i.HAL_Delay)
    HAL_GPIO_Init                            0x08001701   Thumb Code   394  stm32f4xx_hal_gpio.o(i.HAL_GPIO_Init)
    HAL_GPIO_TogglePin                       0x080018b9   Thumb Code    14  stm32f4xx_hal_gpio.o(i.HAL_GPIO_TogglePin)
    HAL_GPIO_WritePin                        0x080018c7   Thumb Code    10  stm32f4xx_hal_gpio.o(i.HAL_GPIO_WritePin)
    HAL_GetTick                              0x080018d1   Thumb Code     6  stm32f4xx_hal.o(i.HAL_GetTick)
    HAL_IncTick                              0x080018dd   Thumb Code    12  stm32f4xx_hal.o(i.HAL_IncTick)
    HAL_Init                                 0x080018ed   Thumb Code    48  stm32f4xx_hal.o(i.HAL_Init)
    HAL_InitTick                             0x08001921   Thumb Code    54  stm32f4xx_hal.o(i.HAL_InitTick)
    HAL_MspInit                              0x08001961   Thumb Code    42  stm32f4xx_hal_msp.o(i.HAL_MspInit)
    HAL_NVIC_EnableIRQ                       0x08001991   Thumb Code    26  stm32f4xx_hal_cortex.o(i.HAL_NVIC_EnableIRQ)
    HAL_NVIC_SetPriority                     0x080019ad   Thumb Code    60  stm32f4xx_hal_cortex.o(i.HAL_NVIC_SetPriority)
    HAL_NVIC_SetPriorityGrouping             0x080019ed   Thumb Code    26  stm32f4xx_hal_cortex.o(i.HAL_NVIC_SetPriorityGrouping)
    HAL_RCC_ClockConfig                      0x08001a11   Thumb Code   288  stm32f4xx_hal_rcc.o(i.HAL_RCC_ClockConfig)
    HAL_RCC_GetPCLK1Freq                     0x08001b45   Thumb Code    20  stm32f4xx_hal_rcc.o(i.HAL_RCC_GetPCLK1Freq)
    HAL_RCC_GetPCLK2Freq                     0x08001b65   Thumb Code    20  stm32f4xx_hal_rcc.o(i.HAL_RCC_GetPCLK2Freq)
    HAL_RCC_GetSysClockFreq                  0x08001b85   Thumb Code    88  stm32f4xx_hal_rcc.o(i.HAL_RCC_GetSysClockFreq)
    HAL_RCC_OscConfig                        0x08001be5   Thumb Code   840  stm32f4xx_hal_rcc.o(i.HAL_RCC_OscConfig)
    HAL_SYSTICK_Config                       0x08001f41   Thumb Code    40  stm32f4xx_hal_cortex.o(i.HAL_SYSTICK_Config)
    HAL_TIMEx_BreakCallback                  0x08001f69   Thumb Code     2  stm32f4xx_hal_tim_ex.o(i.HAL_TIMEx_BreakCallback)
    HAL_TIMEx_CommutCallback                 0x08001f6b   Thumb Code     2  stm32f4xx_hal_tim_ex.o(i.HAL_TIMEx_CommutCallback)
    HAL_TIMEx_MasterConfigSynchronization    0x08001f6d   Thumb Code   116  stm32f4xx_hal_tim_ex.o(i.HAL_TIMEx_MasterConfigSynchronization)
    HAL_TIM_Base_Init                        0x08001ffd   Thumb Code    54  stm32f4xx_hal_tim.o(i.HAL_TIM_Base_Init)
    HAL_TIM_Base_MspInit                     0x08002035   Thumb Code    50  tim.o(i.HAL_TIM_Base_MspInit)
    HAL_TIM_Base_Start_IT                    0x0800206d   Thumb Code    34  stm32f4xx_hal_tim.o(i.HAL_TIM_Base_Start_IT)
    HAL_TIM_ConfigClockSource                0x0800208f   Thumb Code   214  stm32f4xx_hal_tim.o(i.HAL_TIM_ConfigClockSource)
    HAL_TIM_IC_CaptureCallback               0x08002165   Thumb Code     2  stm32f4xx_hal_tim.o(i.HAL_TIM_IC_CaptureCallback)
    HAL_TIM_IRQHandler                       0x08002167   Thumb Code   358  stm32f4xx_hal_tim.o(i.HAL_TIM_IRQHandler)
    HAL_TIM_OC_DelayElapsedCallback          0x080022cd   Thumb Code     2  stm32f4xx_hal_tim.o(i.HAL_TIM_OC_DelayElapsedCallback)
    HAL_TIM_PWM_PulseFinishedCallback        0x080022cf   Thumb Code     2  stm32f4xx_hal_tim.o(i.HAL_TIM_PWM_PulseFinishedCallback)
    HAL_TIM_PeriodElapsedCallback            0x080022d1   Thumb Code    22  stm32f4xx_it.o(i.HAL_TIM_PeriodElapsedCallback)
    HAL_TIM_TriggerCallback                  0x080022ed   Thumb Code     2  stm32f4xx_hal_tim.o(i.HAL_TIM_TriggerCallback)
    HAL_UART_ErrorCallback                   0x080022ef   Thumb Code     2  stm32f4xx_hal_uart.o(i.HAL_UART_ErrorCallback)
    HAL_UART_IRQHandler                      0x080022f1   Thumb Code   270  stm32f4xx_hal_uart.o(i.HAL_UART_IRQHandler)
    HAL_UART_Init                            0x08002405   Thumb Code    98  stm32f4xx_hal_uart.o(i.HAL_UART_Init)
    HAL_UART_MspInit                         0x08002469   Thumb Code   156  usart.o(i.HAL_UART_MspInit)
    HAL_UART_RxCpltCallback                  0x08002519   Thumb Code     2  stm32f4xx_hal_uart.o(i.HAL_UART_RxCpltCallback)
    HAL_UART_TxCpltCallback                  0x0800251b   Thumb Code     2  stm32f4xx_hal_uart.o(i.HAL_UART_TxCpltCallback)
    HardFault_Handler                        0x0800251d   Thumb Code    10  stm32f4xx_it.o(i.HardFault_Handler)
    HomingMode                               0x0800252d   Thumb Code   112  ctrl.o(i.HomingMode)
    MX_CAN1_Init                             0x080025a5   Thumb Code    60  can.o(i.MX_CAN1_Init)
    MX_CAN2_Init                             0x080025e9   Thumb Code    60  can.o(i.MX_CAN2_Init)
    MX_DMA_Init                              0x0800262d   Thumb Code    40  dma.o(i.MX_DMA_Init)
    MX_GPIO_Init                             0x08002659   Thumb Code   116  gpio.o(i.MX_GPIO_Init)
    MX_TIM2_Init                             0x080026d5   Thumb Code    96  tim.o(i.MX_TIM2_Init)
    MX_USART3_UART_Init                      0x08002739   Thumb Code    48  usart.o(i.MX_USART3_UART_Init)
    MaxMinLimit                              0x08002771   Thumb Code    34  ctrl.o(i.MaxMinLimit)
    MemManage_Handler                        0x08002793   Thumb Code     2  stm32f4xx_it.o(i.MemManage_Handler)
    MotorOn                                  0x08002795   Thumb Code    58  ctrl.o(i.MotorOn)
    NMI_Handler                              0x080027d9   Thumb Code     2  stm32f4xx_it.o(i.NMI_Handler)
    Odrive_encoder_index_search              0x080027dd   Thumb Code    24  odrive_com.o(i.Odrive_encoder_index_search)
    Odrive_encoder_offset_calibration        0x080027fd   Thumb Code    24  odrive_com.o(i.Odrive_encoder_offset_calibration)
    Odrive_motor_calibration                 0x0800281d   Thumb Code    24  odrive_com.o(i.Odrive_motor_calibration)
    Odrive_set_closed_loop                   0x0800283d   Thumb Code    24  odrive_com.o(i.Odrive_set_closed_loop)
    Odrive_set_control_mode                  0x0800285d   Thumb Code   128  odrive_com.o(i.Odrive_set_control_mode)
    Odrive_set_motor_pos                     0x080028e1   Thumb Code    22  odrive_com.o(i.Odrive_set_motor_pos)
    Odrive_set_motor_vel                     0x080028fd   Thumb Code    22  odrive_com.o(i.Odrive_set_motor_vel)
    PendSV_Handler                           0x08002919   Thumb Code     2  stm32f4xx_it.o(i.PendSV_Handler)
    PosCtrl                                  0x0800291d   Thumb Code   128  ctrl.o(i.PosCtrl)
    SVC_Handler                              0x080029a1   Thumb Code     2  stm32f4xx_it.o(i.SVC_Handler)
    SetCur                                   0x080029a5   Thumb Code   148  dji_comm.o(i.SetCur)
    SetMotor                                 0x08002a3d   Thumb Code   186  vesc_comm.o(i.SetMotor)
    SysTick_Handler                          0x08002b09   Thumb Code     4  stm32f4xx_it.o(i.SysTick_Handler)
    SystemClock_Config                       0x08002b0d   Thumb Code   138  main.o(i.SystemClock_Config)
    SystemInit                               0x08002ba1   Thumb Code    22  system_stm32f4xx.o(i.SystemInit)
    TIM2_IRQHandler                          0x08002bbd   Thumb Code     6  stm32f4xx_it.o(i.TIM2_IRQHandler)
    TIM_Base_SetConfig                       0x08002bc9   Thumb Code   156  stm32f4xx_hal_tim.o(i.TIM_Base_SetConfig)
    TIM_ETR_SetConfig                        0x08002c91   Thumb Code    20  stm32f4xx_hal_tim.o(i.TIM_ETR_SetConfig)
    USART3_IRQHandler                        0x08002f49   Thumb Code    18  stm32f4xx_it.o(i.USART3_IRQHandler)
    UsageFault_Handler                       0x08002f61   Thumb Code     2  stm32f4xx_it.o(i.UsageFault_Handler)
    VelPidCtrl                               0x08002f63   Thumb Code    76  ctrl.o(i.VelPidCtrl)
    VelSlope                                 0x08002faf   Thumb Code    70  ctrl.o(i.VelSlope)
    __scatterload_copy                       0x08003015   Thumb Code    14  handlers.o(i.__scatterload_copy)
    __scatterload_null                       0x08003023   Thumb Code     2  handlers.o(i.__scatterload_null)
    __scatterload_zeroinit                   0x08003025   Thumb Code    14  handlers.o(i.__scatterload_zeroinit)
    buffer_append_int32                      0x08003033   Thumb Code    42  vesc_comm.o(i.buffer_append_int32)
    can_transmit_eid                         0x0800305d   Thumb Code    64  vesc_comm.o(i.can_transmit_eid)
    main                                     0x080030a1   Thumb Code   168  main.o(i.main)
    uart_init                                0x08003165   Thumb Code     6  bsp_usart.o(i.uart_init)
    uart_receive_handler                     0x08003171   Thumb Code    64  bsp_usart.o(i.uart_receive_handler)
    uart_receive_init                        0x080031b5   Thumb Code    68  bsp_usart.o(i.uart_receive_init)
    AHBPrescTable                            0x08003208   Data          16  system_stm32f4xx.o(.constdata)
    APBPrescTable                            0x08003218   Data           8  system_stm32f4xx.o(.constdata)
    Region$$Table$$Base                      0x08003270   Number         0  anon$$obj.o(Region$$Table)
    Region$$Table$$Limit                     0x08003290   Number         0  anon$$obj.o(Region$$Table)
    testdata                                 0x20000000   Data           4  main.o(.data)
    yyyy                                     0x20000004   Data           4  main.o(.data)
    ljy9                                     0x2000000c   Data           4  stm32f4xx_it.o(.data)
    ljy3                                     0x20000010   Data           4  stm32f4xx_it.o(.data)
    ljy4                                     0x20000014   Data           4  stm32f4xx_it.o(.data)
    sbcx                                     0x20000018   Data           4  stm32f4xx_it.o(.data)
    veltest                                  0x2000001c   Data           4  stm32f4xx_it.o(.data)
    Msg                                      0x20000020   Data           8  stm32f4xx_it.o(.data)
    Msg1                                     0x20000028   Data           8  stm32f4xx_it.o(.data)
    uwTickFreq                               0x20000030   Data           1  stm32f4xx_hal.o(.data)
    uwTickPrio                               0x20000034   Data           4  stm32f4xx_hal.o(.data)
    uwTick                                   0x20000038   Data           4  stm32f4xx_hal.o(.data)
    SystemCoreClock                          0x2000003c   Data           4  system_stm32f4xx.o(.data)
    sbcx2                                    0x20000040   Data           4  ctrl.o(.data)
    sbcx3                                    0x20000044   Data           4  ctrl.o(.data)
    deltaPos                                 0x20000048   Data           4  ctrl.o(.data)
    ljy6                                     0x2000004c   Data           4  dji_comm.o(.data)
    vesc2                                    0x20000050   Data           4  vesc_comm.o(.data)
    vesc3                                    0x20000054   Data           4  vesc_comm.o(.data)
    jjjj                                     0x20000058   Data           4  vesc_comm.o(.data)
    ljy7                                     0x2000005c   Data           4  dgm_com.o(.data)
    dgmDesVelocity                           0x20000060   Data           4  dgm_com.o(.data)
    dgmcan                                   0x20000064   Data          24  main.o(.bss)
    hcan1                                    0x2000007c   Data          40  can.o(.bss)
    hcan2                                    0x200000a4   Data          40  can.o(.bss)
    htim2                                    0x200000cc   Data          64  tim.o(.bss)
    huart3                                   0x2000010c   Data          64  usart.o(.bss)
    hdma_usart3_rx                           0x2000014c   Data          96  usart.o(.bss)
    Driver                                   0x200001ac   Data        1344  ctrl.o(.bss)
    PerCur                                   0x200006ec   Data          16  ctrl.o(.bss)
    Motor                                    0x200006fc   Data         192  rm_motor.o(.bss)
    usart3_buf                               0x200007bc   Data          28  bsp_usart.o(.bss)
    dgmCanFrame                              0x200007d8   Data          24  dgm_com.o(.bss)
    __initial_sp                             0x20000bf0   Data           0  startup_stm32f405xx.o(STACK)



==============================================================================

Memory Map of the image

  Image Entry point : 0x08000189

  Load Region LR_IROM1 (Base: 0x08000000, Size: 0x000032f4, Max: 0x00100000, ABSOLUTE)

    Execution Region ER_IROM1 (Exec base: 0x08000000, Load base: 0x08000000, Size: 0x00003290, Max: 0x00100000, ABSOLUTE)

    Exec Addr    Load Addr    Size         Type   Attr      Idx    E Section Name        Object

    0x08000000   0x08000000   0x00000188   Data   RO            3    RESET               startup_stm32f405xx.o
    0x08000188   0x08000188   0x00000000   Code   RO         3702  * .ARM.Collect$$$$00000000  mc_w.l(entry.o)
    0x08000188   0x08000188   0x00000004   Code   RO         3973    .ARM.Collect$$$$00000001  mc_w.l(entry2.o)
    0x0800018c   0x0800018c   0x00000004   Code   RO         3976    .ARM.Collect$$$$00000004  mc_w.l(entry5.o)
    0x08000190   0x08000190   0x00000000   Code   RO         3978    .ARM.Collect$$$$00000008  mc_w.l(entry7b.o)
    0x08000190   0x08000190   0x00000000   Code   RO         3980    .ARM.Collect$$$$0000000A  mc_w.l(entry8b.o)
    0x08000190   0x08000190   0x00000008   Code   RO         3981    .ARM.Collect$$$$0000000B  mc_w.l(entry9a.o)
    0x08000198   0x08000198   0x00000004   Code   RO         3988    .ARM.Collect$$$$0000000E  mc_w.l(entry12b.o)
    0x0800019c   0x0800019c   0x00000000   Code   RO         3983    .ARM.Collect$$$$0000000F  mc_w.l(entry10a.o)
    0x0800019c   0x0800019c   0x00000000   Code   RO         3985    .ARM.Collect$$$$00000011  mc_w.l(entry11a.o)
    0x0800019c   0x0800019c   0x00000004   Code   RO         3974    .ARM.Collect$$$$00002712  mc_w.l(entry2.o)
    0x080001a0   0x080001a0   0x00000024   Code   RO            4    .text               startup_stm32f405xx.o
    0x080001c4   0x080001c4   0x00000062   Code   RO         3705    .text               mc_w.l(uldiv.o)
    0x08000226   0x08000226   0x00000024   Code   RO         3707    .text               mc_w.l(memcpya.o)
    0x0800024a   0x0800024a   0x00000024   Code   RO         3709    .text               mc_w.l(memseta.o)
    0x0800026e   0x0800026e   0x0000001e   Code   RO         3994    .text               mc_w.l(llshl.o)
    0x0800028c   0x0800028c   0x00000020   Code   RO         3996    .text               mc_w.l(llushr.o)
    0x080002ac   0x080002ac   0x00000024   Code   RO         4009    .text               mc_w.l(init.o)
    0x080002d0   0x080002d0   0x00000002   Code   RO          388    i.BusFault_Handler  stm32f4xx_it.o
    0x080002d2   0x080002d2   0x00000002   PAD
    0x080002d4   0x080002d4   0x0000000c   Code   RO          389    i.CAN1_RX0_IRQHandler  stm32f4xx_it.o
    0x080002e0   0x080002e0   0x0000000c   Code   RO          390    i.CAN1_TX_IRQHandler  stm32f4xx_it.o
    0x080002ec   0x080002ec   0x0000000c   Code   RO          391    i.CAN2_RX0_IRQHandler  stm32f4xx_it.o
    0x080002f8   0x080002f8   0x0000000c   Code   RO          392    i.CAN2_TX_IRQHandler  stm32f4xx_it.o
    0x08000304   0x08000304   0x000000a0   Code   RO         3362    i.CANRespond        dji_comm.o
    0x080003a4   0x080003a4   0x00000058   Code   RO         3206    i.CAN_Filter_Init   bsp_can.o
    0x080003fc   0x080003fc   0x00000064   Code   RO         3243    i.CalculSpeed_Pos   ctrl.o
    0x08000460   0x08000460   0x00000044   Code   RO         3363    i.CanSendData       dji_comm.o
    0x080004a4   0x080004a4   0x00000054   Code   RO         3364    i.CanSendPeriodMsgs  dji_comm.o
    0x080004f8   0x080004f8   0x0000005c   Code   RO         3657    i.Can_send_dgm      dgm_com.o
    0x08000554   0x08000554   0x0000005c   Code   RO         3409    i.Can_send_odrive   odrive_com.o
    0x080005b0   0x080005b0   0x0000001c   Code   RO         3658    i.DGMMotorCtrl      dgm_com.o
    0x080005cc   0x080005cc   0x0000012c   Code   RO         3244    i.DJIMotorCtrl      ctrl.o
    0x080006f8   0x080006f8   0x0000000c   Code   RO          393    i.DMA1_Stream1_IRQHandler  stm32f4xx_it.o
    0x08000704   0x08000704   0x00000028   Code   RO         1241    i.DMA_CalcBaseAndBitshift  stm32f4xx_hal_dma.o
    0x0800072c   0x0800072c   0x00000054   Code   RO         1242    i.DMA_CheckFifoParam  stm32f4xx_hal_dma.o
    0x08000780   0x08000780   0x00000028   Code   RO         1243    i.DMA_SetConfig     stm32f4xx_hal_dma.o
    0x080007a8   0x080007a8   0x00000002   Code   RO          394    i.DebugMon_Handler  stm32f4xx_it.o
    0x080007aa   0x080007aa   0x00000002   PAD
    0x080007ac   0x080007ac   0x00000038   Code   RO         3659    i.DgmSetMotorVel    dgm_com.o
    0x080007e4   0x080007e4   0x0000001c   Code   RO         3660    i.Dgm_Motor_ON      dgm_com.o
    0x08000800   0x08000800   0x00000134   Code   RO         3245    i.DriverInit        ctrl.o
    0x08000934   0x08000934   0x00000004   Code   RO           13    i.Error_Handler     main.o
    0x08000938   0x08000938   0x0000001c   Code   RO         3410    i.FloatToByte       odrive_com.o
    0x08000954   0x08000954   0x00000024   Code   RO          549    i.HAL_CAN_ActivateNotification  stm32f4xx_hal_can.o
    0x08000978   0x08000978   0x000000dc   Code   RO          550    i.HAL_CAN_AddTxMessage  stm32f4xx_hal_can.o
    0x08000a54   0x08000a54   0x0000010c   Code   RO          551    i.HAL_CAN_ConfigFilter  stm32f4xx_hal_can.o
    0x08000b60   0x08000b60   0x00000002   Code   RO          554    i.HAL_CAN_ErrorCallback  stm32f4xx_hal_can.o
    0x08000b62   0x08000b62   0x000000e8   Code   RO          557    i.HAL_CAN_GetRxMessage  stm32f4xx_hal_can.o
    0x08000c4a   0x08000c4a   0x0000002c   Code   RO          559    i.HAL_CAN_GetTxMailboxesFreeLevel  stm32f4xx_hal_can.o
    0x08000c76   0x08000c76   0x000001fc   Code   RO          561    i.HAL_CAN_IRQHandler  stm32f4xx_hal_can.o
    0x08000e72   0x08000e72   0x0000011a   Code   RO          562    i.HAL_CAN_Init      stm32f4xx_hal_can.o
    0x08000f8c   0x08000f8c   0x00000124   Code   RO          232    i.HAL_CAN_MspInit   can.o
    0x080010b0   0x080010b0   0x00000002   Code   RO          569    i.HAL_CAN_RxFifo0FullCallback  stm32f4xx_hal_can.o
    0x080010b2   0x080010b2   0x00000002   PAD
    0x080010b4   0x080010b4   0x000002d8   Code   RO          395    i.HAL_CAN_RxFifo0MsgPendingCallback  stm32f4xx_it.o
    0x0800138c   0x0800138c   0x00000002   Code   RO          571    i.HAL_CAN_RxFifo1FullCallback  stm32f4xx_hal_can.o
    0x0800138e   0x0800138e   0x00000002   Code   RO          572    i.HAL_CAN_RxFifo1MsgPendingCallback  stm32f4xx_hal_can.o
    0x08001390   0x08001390   0x00000002   Code   RO          573    i.HAL_CAN_SleepCallback  stm32f4xx_hal_can.o
    0x08001392   0x08001392   0x00000002   PAD
    0x08001394   0x08001394   0x00000058   Code   RO          574    i.HAL_CAN_Start     stm32f4xx_hal_can.o
    0x080013ec   0x080013ec   0x00000002   Code   RO          576    i.HAL_CAN_TxMailbox0AbortCallback  stm32f4xx_hal_can.o
    0x080013ee   0x080013ee   0x00000002   Code   RO          577    i.HAL_CAN_TxMailbox0CompleteCallback  stm32f4xx_hal_can.o
    0x080013f0   0x080013f0   0x00000002   Code   RO          578    i.HAL_CAN_TxMailbox1AbortCallback  stm32f4xx_hal_can.o
    0x080013f2   0x080013f2   0x00000002   Code   RO          579    i.HAL_CAN_TxMailbox1CompleteCallback  stm32f4xx_hal_can.o
    0x080013f4   0x080013f4   0x00000002   Code   RO          580    i.HAL_CAN_TxMailbox2AbortCallback  stm32f4xx_hal_can.o
    0x080013f6   0x080013f6   0x00000002   Code   RO          581    i.HAL_CAN_TxMailbox2CompleteCallback  stm32f4xx_hal_can.o
    0x080013f8   0x080013f8   0x00000002   Code   RO          583    i.HAL_CAN_WakeUpFromRxMsgCallback  stm32f4xx_hal_can.o
    0x080013fa   0x080013fa   0x00000024   Code   RO         1245    i.HAL_DMA_Abort_IT  stm32f4xx_hal_dma.o
    0x0800141e   0x0800141e   0x00000002   PAD
    0x08001420   0x08001420   0x000001a0   Code   RO         1249    i.HAL_DMA_IRQHandler  stm32f4xx_hal_dma.o
    0x080015c0   0x080015c0   0x000000d4   Code   RO         1250    i.HAL_DMA_Init      stm32f4xx_hal_dma.o
    0x08001694   0x08001694   0x00000046   Code   RO         1253    i.HAL_DMA_Start     stm32f4xx_hal_dma.o
    0x080016da   0x080016da   0x00000002   PAD
    0x080016dc   0x080016dc   0x00000024   Code   RO         1663    i.HAL_Delay         stm32f4xx_hal.o
    0x08001700   0x08001700   0x000001b8   Code   RO         1137    i.HAL_GPIO_Init     stm32f4xx_hal_gpio.o
    0x080018b8   0x080018b8   0x0000000e   Code   RO         1140    i.HAL_GPIO_TogglePin  stm32f4xx_hal_gpio.o
    0x080018c6   0x080018c6   0x0000000a   Code   RO         1141    i.HAL_GPIO_WritePin  stm32f4xx_hal_gpio.o
    0x080018d0   0x080018d0   0x0000000c   Code   RO         1669    i.HAL_GetTick       stm32f4xx_hal.o
    0x080018dc   0x080018dc   0x00000010   Code   RO         1675    i.HAL_IncTick       stm32f4xx_hal.o
    0x080018ec   0x080018ec   0x00000034   Code   RO         1676    i.HAL_Init          stm32f4xx_hal.o
    0x08001920   0x08001920   0x00000040   Code   RO         1677    i.HAL_InitTick      stm32f4xx_hal.o
    0x08001960   0x08001960   0x00000030   Code   RO          524    i.HAL_MspInit       stm32f4xx_hal_msp.o
    0x08001990   0x08001990   0x0000001a   Code   RO         1526    i.HAL_NVIC_EnableIRQ  stm32f4xx_hal_cortex.o
    0x080019aa   0x080019aa   0x00000002   PAD
    0x080019ac   0x080019ac   0x00000040   Code   RO         1532    i.HAL_NVIC_SetPriority  stm32f4xx_hal_cortex.o
    0x080019ec   0x080019ec   0x00000024   Code   RO         1533    i.HAL_NVIC_SetPriorityGrouping  stm32f4xx_hal_cortex.o
    0x08001a10   0x08001a10   0x00000134   Code   RO          783    i.HAL_RCC_ClockConfig  stm32f4xx_hal_rcc.o
    0x08001b44   0x08001b44   0x00000020   Code   RO          790    i.HAL_RCC_GetPCLK1Freq  stm32f4xx_hal_rcc.o
    0x08001b64   0x08001b64   0x00000020   Code   RO          791    i.HAL_RCC_GetPCLK2Freq  stm32f4xx_hal_rcc.o
    0x08001b84   0x08001b84   0x00000060   Code   RO          792    i.HAL_RCC_GetSysClockFreq  stm32f4xx_hal_rcc.o
    0x08001be4   0x08001be4   0x0000035c   Code   RO          795    i.HAL_RCC_OscConfig  stm32f4xx_hal_rcc.o
    0x08001f40   0x08001f40   0x00000028   Code   RO         1537    i.HAL_SYSTICK_Config  stm32f4xx_hal_cortex.o
    0x08001f68   0x08001f68   0x00000002   Code   RO         2591    i.HAL_TIMEx_BreakCallback  stm32f4xx_hal_tim_ex.o
    0x08001f6a   0x08001f6a   0x00000002   Code   RO         2592    i.HAL_TIMEx_CommutCallback  stm32f4xx_hal_tim_ex.o
    0x08001f6c   0x08001f6c   0x00000090   Code   RO         2609    i.HAL_TIMEx_MasterConfigSynchronization  stm32f4xx_hal_tim_ex.o
    0x08001ffc   0x08001ffc   0x00000036   Code   RO         1916    i.HAL_TIM_Base_Init  stm32f4xx_hal_tim.o
    0x08002032   0x08002032   0x00000002   PAD
    0x08002034   0x08002034   0x00000038   Code   RO          305    i.HAL_TIM_Base_MspInit  tim.o
    0x0800206c   0x0800206c   0x00000022   Code   RO         1921    i.HAL_TIM_Base_Start_IT  stm32f4xx_hal_tim.o
    0x0800208e   0x0800208e   0x000000d6   Code   RO         1925    i.HAL_TIM_ConfigClockSource  stm32f4xx_hal_tim.o
    0x08002164   0x08002164   0x00000002   Code   RO         1945    i.HAL_TIM_IC_CaptureCallback  stm32f4xx_hal_tim.o
    0x08002166   0x08002166   0x00000166   Code   RO         1959    i.HAL_TIM_IRQHandler  stm32f4xx_hal_tim.o
    0x080022cc   0x080022cc   0x00000002   Code   RO         1962    i.HAL_TIM_OC_DelayElapsedCallback  stm32f4xx_hal_tim.o
    0x080022ce   0x080022ce   0x00000002   Code   RO         1989    i.HAL_TIM_PWM_PulseFinishedCallback  stm32f4xx_hal_tim.o
    0x080022d0   0x080022d0   0x0000001c   Code   RO          396    i.HAL_TIM_PeriodElapsedCallback  stm32f4xx_it.o
    0x080022ec   0x080022ec   0x00000002   Code   RO         2002    i.HAL_TIM_TriggerCallback  stm32f4xx_hal_tim.o
    0x080022ee   0x080022ee   0x00000002   Code   RO         2863    i.HAL_UART_ErrorCallback  stm32f4xx_hal_uart.o
    0x080022f0   0x080022f0   0x00000114   Code   RO         2866    i.HAL_UART_IRQHandler  stm32f4xx_hal_uart.o
    0x08002404   0x08002404   0x00000062   Code   RO         2867    i.HAL_UART_Init     stm32f4xx_hal_uart.o
    0x08002466   0x08002466   0x00000002   PAD
    0x08002468   0x08002468   0x000000b0   Code   RO          347    i.HAL_UART_MspInit  usart.o
    0x08002518   0x08002518   0x00000002   Code   RO         2873    i.HAL_UART_RxCpltCallback  stm32f4xx_hal_uart.o
    0x0800251a   0x0800251a   0x00000002   Code   RO         2878    i.HAL_UART_TxCpltCallback  stm32f4xx_hal_uart.o
    0x0800251c   0x0800251c   0x00000010   Code   RO          397    i.HardFault_Handler  stm32f4xx_it.o
    0x0800252c   0x0800252c   0x00000078   Code   RO         3249    i.HomingMode        ctrl.o
    0x080025a4   0x080025a4   0x00000044   Code   RO          233    i.MX_CAN1_Init      can.o
    0x080025e8   0x080025e8   0x00000044   Code   RO          234    i.MX_CAN2_Init      can.o
    0x0800262c   0x0800262c   0x0000002c   Code   RO          280    i.MX_DMA_Init       dma.o
    0x08002658   0x08002658   0x0000007c   Code   RO          207    i.MX_GPIO_Init      gpio.o
    0x080026d4   0x080026d4   0x00000064   Code   RO          306    i.MX_TIM2_Init      tim.o
    0x08002738   0x08002738   0x00000038   Code   RO          348    i.MX_USART3_UART_Init  usart.o
    0x08002770   0x08002770   0x00000022   Code   RO         3250    i.MaxMinLimit       ctrl.o
    0x08002792   0x08002792   0x00000002   Code   RO          398    i.MemManage_Handler  stm32f4xx_it.o
    0x08002794   0x08002794   0x00000044   Code   RO         3252    i.MotorOn           ctrl.o
    0x080027d8   0x080027d8   0x00000002   Code   RO          399    i.NMI_Handler       stm32f4xx_it.o
    0x080027da   0x080027da   0x00000002   PAD
    0x080027dc   0x080027dc   0x00000020   Code   RO         3411    i.Odrive_encoder_index_search  odrive_com.o
    0x080027fc   0x080027fc   0x00000020   Code   RO         3412    i.Odrive_encoder_offset_calibration  odrive_com.o
    0x0800281c   0x0800281c   0x00000020   Code   RO         3413    i.Odrive_motor_calibration  odrive_com.o
    0x0800283c   0x0800283c   0x00000020   Code   RO         3415    i.Odrive_set_closed_loop  odrive_com.o
    0x0800285c   0x0800285c   0x00000084   Code   RO         3416    i.Odrive_set_control_mode  odrive_com.o
    0x080028e0   0x080028e0   0x0000001c   Code   RO         3418    i.Odrive_set_motor_pos  odrive_com.o
    0x080028fc   0x080028fc   0x0000001c   Code   RO         3419    i.Odrive_set_motor_vel  odrive_com.o
    0x08002918   0x08002918   0x00000002   Code   RO          400    i.PendSV_Handler    stm32f4xx_it.o
    0x0800291a   0x0800291a   0x00000002   PAD
    0x0800291c   0x0800291c   0x00000084   Code   RO         3254    i.PosCtrl           ctrl.o
    0x080029a0   0x080029a0   0x00000002   Code   RO          401    i.SVC_Handler       stm32f4xx_it.o
    0x080029a2   0x080029a2   0x00000002   PAD
    0x080029a4   0x080029a4   0x00000098   Code   RO         3365    i.SetCur            dji_comm.o
    0x08002a3c   0x08002a3c   0x000000cc   Code   RO         3521    i.SetMotor          vesc_comm.o
    0x08002b08   0x08002b08   0x00000004   Code   RO          402    i.SysTick_Handler   stm32f4xx_it.o
    0x08002b0c   0x08002b0c   0x00000094   Code   RO           14    i.SystemClock_Config  main.o
    0x08002ba0   0x08002ba0   0x0000001c   Code   RO         3169    i.SystemInit        system_stm32f4xx.o
    0x08002bbc   0x08002bbc   0x0000000c   Code   RO          403    i.TIM2_IRQHandler   stm32f4xx_it.o
    0x08002bc8   0x08002bc8   0x000000c8   Code   RO         2004    i.TIM_Base_SetConfig  stm32f4xx_hal_tim.o
    0x08002c90   0x08002c90   0x00000014   Code   RO         2015    i.TIM_ETR_SetConfig  stm32f4xx_hal_tim.o
    0x08002ca4   0x08002ca4   0x00000010   Code   RO         2016    i.TIM_ITRx_SetConfig  stm32f4xx_hal_tim.o
    0x08002cb4   0x08002cb4   0x00000022   Code   RO         2022    i.TIM_TI1_ConfigInputStage  stm32f4xx_hal_tim.o
    0x08002cd6   0x08002cd6   0x00000024   Code   RO         2024    i.TIM_TI2_ConfigInputStage  stm32f4xx_hal_tim.o
    0x08002cfa   0x08002cfa   0x00000010   Code   RO         2880    i.UART_DMAAbortOnError  stm32f4xx_hal_uart.o
    0x08002d0a   0x08002d0a   0x0000001c   Code   RO         2890    i.UART_EndRxTransfer  stm32f4xx_hal_uart.o
    0x08002d26   0x08002d26   0x00000096   Code   RO         2892    i.UART_Receive_IT   stm32f4xx_hal_uart.o
    0x08002dbc   0x08002dbc   0x00000128   Code   RO         2893    i.UART_SetConfig    stm32f4xx_hal_uart.o
    0x08002ee4   0x08002ee4   0x00000062   Code   RO         2894    i.UART_Transmit_IT  stm32f4xx_hal_uart.o
    0x08002f46   0x08002f46   0x00000002   PAD
    0x08002f48   0x08002f48   0x00000018   Code   RO          404    i.USART3_IRQHandler  stm32f4xx_it.o
    0x08002f60   0x08002f60   0x00000002   Code   RO          405    i.UsageFault_Handler  stm32f4xx_it.o
    0x08002f62   0x08002f62   0x0000004c   Code   RO         3256    i.VelPidCtrl        ctrl.o
    0x08002fae   0x08002fae   0x00000046   Code   RO         3257    i.VelSlope          ctrl.o
    0x08002ff4   0x08002ff4   0x00000020   Code   RO         1539    i.__NVIC_SetPriority  stm32f4xx_hal_cortex.o
    0x08003014   0x08003014   0x0000000e   Code   RO         4019    i.__scatterload_copy  mc_w.l(handlers.o)
    0x08003022   0x08003022   0x00000002   Code   RO         4020    i.__scatterload_null  mc_w.l(handlers.o)
    0x08003024   0x08003024   0x0000000e   Code   RO         4021    i.__scatterload_zeroinit  mc_w.l(handlers.o)
    0x08003032   0x08003032   0x0000002a   Code   RO         3522    i.buffer_append_int32  vesc_comm.o
    0x0800305c   0x0800305c   0x00000044   Code   RO         3525    i.can_transmit_eid  vesc_comm.o
    0x080030a0   0x080030a0   0x000000c4   Code   RO           15    i.main              main.o
    0x08003164   0x08003164   0x0000000c   Code   RO         3574    i.uart_init         bsp_usart.o
    0x08003170   0x08003170   0x00000044   Code   RO         3575    i.uart_receive_handler  bsp_usart.o
    0x080031b4   0x080031b4   0x0000004c   Code   RO         3576    i.uart_receive_init  bsp_usart.o
    0x08003200   0x08003200   0x00000008   Data   RO         1256    .constdata          stm32f4xx_hal_dma.o
    0x08003208   0x08003208   0x00000010   Data   RO         3170    .constdata          system_stm32f4xx.o
    0x08003218   0x08003218   0x00000008   Data   RO         3171    .constdata          system_stm32f4xx.o
    0x08003220   0x08003220   0x00000050   Data   RO         3420    .constdata          odrive_com.o
    0x08003270   0x08003270   0x00000020   Data   RO         4017    Region$$Table       anon$$obj.o


    Execution Region RW_IRAM2 (Exec base: 0x10000000, Load base: 0x080032f4, Size: 0x00000000, Max: 0x00010000, ABSOLUTE)

    **** No section assigned to this execution region ****


    Execution Region RW_IRAM1 (Exec base: 0x20000000, Load base: 0x08003290, Size: 0x00000bf0, Max: 0x00020000, ABSOLUTE)

    Exec Addr    Load Addr    Size         Type   Attr      Idx    E Section Name        Object

    0x20000000   0x08003290   0x00000008   Data   RW           17    .data               main.o
    0x20000008   0x08003298   0x00000004   Data   RW          236    .data               can.o
    0x2000000c   0x0800329c   0x00000024   Data   RW          406    .data               stm32f4xx_it.o
    0x20000030   0x080032c0   0x0000000c   Data   RW         1683    .data               stm32f4xx_hal.o
    0x2000003c   0x080032cc   0x00000004   Data   RW         3172    .data               system_stm32f4xx.o
    0x20000040   0x080032d0   0x0000000c   Data   RW         3259    .data               ctrl.o
    0x2000004c   0x080032dc   0x00000004   Data   RW         3366    .data               dji_comm.o
    0x20000050   0x080032e0   0x0000000c   Data   RW         3526    .data               vesc_comm.o
    0x2000005c   0x080032ec   0x00000008   Data   RW         3662    .data               dgm_com.o
    0x20000064        -       0x00000018   Zero   RW           16    .bss                main.o
    0x2000007c        -       0x00000050   Zero   RW          235    .bss                can.o
    0x200000cc        -       0x00000040   Zero   RW          307    .bss                tim.o
    0x2000010c        -       0x000000a0   Zero   RW          349    .bss                usart.o
    0x200001ac        -       0x00000550   Zero   RW         3258    .bss                ctrl.o
    0x200006fc        -       0x000000c0   Zero   RW         3509    .bss                rm_motor.o
    0x200007bc        -       0x0000001c   Zero   RW         3583    .bss                bsp_usart.o
    0x200007d8        -       0x00000018   Zero   RW         3661    .bss                dgm_com.o
    0x200007f0        -       0x00000400   Zero   RW            1    STACK               startup_stm32f405xx.o


==============================================================================

Image component sizes


      Code (inc. data)   RO Data    RW Data    ZI Data      Debug   Object Name

        88          8          0          0          0        558   bsp_can.o
       156         18          0          0         28       2627   bsp_usart.o
       428         38          0          4         80       2406   can.o
      1208        122          0         12       1360       6364   ctrl.o
       204         22          0          8         24       3229   dgm_com.o
       464         36          0          4          0       3426   dji_comm.o
        44          4          0          0          0        730   dma.o
       124          8          0          0          0        907   gpio.o
       348         38          0          8         24     658543   main.o
       436         56         80          0          0       5630   odrive_com.o
         0          0          0          0        192        440   rm_motor.o
        36          8        392          0       1024        824   startup_stm32f405xx.o
       180         28          0         12          0       9317   stm32f4xx_hal.o
      1702          6          0          0          0      14785   stm32f4xx_hal_can.o
       198         14          0          0          0      33883   stm32f4xx_hal_cortex.o
       898         16          8          0          0       6211   stm32f4xx_hal_dma.o
       464         46          0          0          0       2973   stm32f4xx_hal_gpio.o
        48          6          0          0          0        806   stm32f4xx_hal_msp.o
      1328         72          0          0          0       5156   stm32f4xx_hal_rcc.o
       974         44          0          0          0       9853   stm32f4xx_hal_tim.o
       148         28          0          0          0       2409   stm32f4xx_hal_tim_ex.o
       968         16          0          0          0       7331   stm32f4xx_hal_uart.o
       886        104          0         36          0      11699   stm32f4xx_it.o
        28          6         24          4          0       1095   system_stm32f4xx.o
       156         10          0          0         64       1610   tim.o
       232         28          0          0        160       1705   usart.o
       314         22          0         12          0       3484   vesc_comm.o

    ----------------------------------------------------------------------
     12086        804        536        100       2956     798001   Object Totals
         0          0         32          0          0          0   (incl. Generated)
        26          0          0          0          0          0   (incl. Padding)

    ----------------------------------------------------------------------

      Code (inc. data)   RO Data    RW Data    ZI Data      Debug   Library Member Name

         0          0          0          0          0          0   entry.o
         0          0          0          0          0          0   entry10a.o
         0          0          0          0          0          0   entry11a.o
         4          0          0          0          0          0   entry12b.o
         8          4          0          0          0          0   entry2.o
         4          0          0          0          0          0   entry5.o
         0          0          0          0          0          0   entry7b.o
         0          0          0          0          0          0   entry8b.o
         8          4          0          0          0          0   entry9a.o
        30          0          0          0          0          0   handlers.o
        36          8          0          0          0         68   init.o
        30          0          0          0          0         68   llshl.o
        32          0          0          0          0         68   llushr.o
        36          0          0          0          0         68   memcpya.o
        36          0          0          0          0        108   memseta.o
        98          0          0          0          0         92   uldiv.o

    ----------------------------------------------------------------------
       322         16          0          0          0        472   Library Totals
         0          0          0          0          0          0   (incl. Padding)

    ----------------------------------------------------------------------

      Code (inc. data)   RO Data    RW Data    ZI Data      Debug   Library Name

       322         16          0          0          0        472   mc_w.l

    ----------------------------------------------------------------------
       322         16          0          0          0        472   Library Totals

    ----------------------------------------------------------------------

==============================================================================


      Code (inc. data)   RO Data    RW Data    ZI Data      Debug   

     12408        820        536        100       2956     786421   Grand Totals
     12408        820        536        100       2956     786421   ELF Image Totals
     12408        820        536        100          0          0   ROM Totals

==============================================================================

    Total RO  Size (Code + RO Data)                12944 (  12.64kB)
    Total RW  Size (RW Data + ZI Data)              3056 (   2.98kB)
    Total ROM Size (Code + RO Data + RW Data)      13044 (  12.74kB)

==============================================================================

